******************************************************************************
                  MSP430 Linker PC v21.6.0                     
******************************************************************************
>> Linked Fri Jan 28 23:04:26 2022

OUTPUT FILE NAME:   <LIDAR_demo.out>
ENTRY POINT SYMBOL: "_c_int00_noargs"  address: 0000e88e


MEMORY CONFIGURATION

         name            origin    length      used     unused   attr    fill
----------------------  --------  ---------  --------  --------  ----  --------
  SFR                   00000000   00000010  00000000  00000010  RWIX
  PERIPHERALS_8BIT      00000010   000000f0  00000000  000000f0  RWIX
  PERIPHERALS_16BIT     00000100   00000100  00000000  00000100  RWIX
  RAM                   00000200   00000100  00000053  000000ad  RWIX
  INFOD                 00001000   00000040  00000000  00000040  RWIX
  INFOC                 00001040   00000040  00000000  00000040  RWIX
  INFOB                 00001080   00000040  00000000  00000040  RWIX
  INFOA                 000010c0   00000040  00000000  00000040  RWIX
  FLASH                 0000e000   00001fe0  00000a07  000015d9  RWIX
  INT00                 0000ffe0   00000002  00000000  00000002  RWIX
  INT01                 0000ffe2   00000002  00000000  00000002  RWIX
  INT02                 0000ffe4   00000002  00000002  00000000  RWIX
  INT03                 0000ffe6   00000002  00000002  00000000  RWIX
  INT04                 0000ffe8   00000002  00000002  00000000  RWIX
  INT05                 0000ffea   00000002  00000002  00000000  RWIX
  INT06                 0000ffec   00000002  00000000  00000002  RWIX
  INT07                 0000ffee   00000002  00000000  00000002  RWIX
  INT08                 0000fff0   00000002  00000002  00000000  RWIX
  INT09                 0000fff2   00000002  00000002  00000000  RWIX
  INT10                 0000fff4   00000002  00000002  00000000  RWIX
  INT11                 0000fff6   00000002  00000002  00000000  RWIX
  INT12                 0000fff8   00000002  00000000  00000002  RWIX
  INT13                 0000fffa   00000002  00000000  00000002  RWIX
  INT14                 0000fffc   00000002  00000002  00000000  RWIX
  RESET                 0000fffe   00000002  00000002  00000000  RWIX


SECTION ALLOCATION MAP

 output                                  attributes/
section   page    origin      length       input sections
--------  ----  ----------  ----------   ----------------
.bss       0    00000200    00000002     UNINITIALIZED
                  00000200    00000002     lcd.obj (.bss)

.data      0    00000202    00000001     UNINITIALIZED
                  00000202    00000001     I2C.obj (.data)

.stack     0    000002b0    00000050     UNINITIALIZED
                  000002b0    00000002     rts430_eabi.lib : boot.c.obj (.stack)
                  000002b2    0000004e     --HOLE--

.text      0    0000e000    000009ce     
                  0000e000    000002ae     lcd_print.obj (.text:print_I)
                  0000e2ae    0000007c     rts430_eabi.lib : copy_decompress_lzss.c.obj (.text:decompress:lzss:__TI_decompress_lzss)
                  0000e32a    0000005e     ToF10120.obj (.text:ToF10120_read_word)
                  0000e388    00000058     rts430_eabi.lib : div32u.asm.obj (.text)
                  0000e3e0    00000054     lcd.obj (.text:LCD_init)
                  0000e434    0000004c     rts430_eabi.lib : lsr16.asm.obj (.text)
                  0000e480    00000048     lcd.obj (.text:LCD_4bit_send)
                  0000e4c8    00000048     lcd.obj (.text:LCD_send)
                  0000e510    00000048     main.obj (.text:main)
                  0000e558    00000042     rts430_eabi.lib : autoinit.c.obj (.text:__TI_auto_init_nobinit_nopinit:__TI_auto_init_nobinit_nopinit)
                  0000e59a    00000040                     : div32s.asm.obj (.text)
                  0000e5da    0000003a     I2C.obj (.text:i2c_usi_mst_send_byte)
                  0000e614    00000038     I2C.obj (.text:i2c_usi_mst_gen_repeated_start)
                  0000e64c    00000034     main.obj (.text:BCSplus_graceInit)
                  0000e680    00000032     ToF10120.obj (.text:ToF10120_write)
                  0000e6b2    0000002e     main.obj (.text:GPIO_graceInit)
                  0000e6e0    0000002c     rts430_eabi.lib : lsl16.asm.obj (.text)
                  0000e70c    0000002a     I2C.obj (.text:i2c_usi_mst_gen_start)
                  0000e736    0000002a     I2C.obj (.text:i2c_usi_mst_send_n_ack)
                  0000e760    00000028     lcd.obj (.text:LCD_toggle_EN)
                  0000e788    00000028     main.obj (.text:setup)
                  0000e7b0    00000022     lcd.obj (.text:LCD_goto)
                  0000e7d2    00000022     main.obj (.text:USI_graceInit)
                  0000e7f4    00000020     PCF8574.obj (.text:PCF8574_write)
                  0000e814    00000020     ToF10120.obj (.text:ToF10120_set_distance_deviation)
                  0000e834    00000020     I2C.obj (.text:i2c_usi_mst_gen_stop)
                  0000e854    0000001e     delay.obj (.text:delay_us)
                  0000e872    0000001c     main.obj (.text:System_graceInit)
                  0000e88e    0000001c     rts430_eabi.lib : boot.c.obj (.text:_c_int00_noargs)
                  0000e8aa    0000001c     I2C.obj (.text:i2c_usi_mst_read_byte)
                  0000e8c6    0000001a     ToF10120.obj (.text:ToF10120_init)
                  0000e8e0    0000001a     I2C.obj (.text:USI_ISR)
                  0000e8fa    00000014     lcd.obj (.text:LCD_putchar)
                  0000e90e    00000014     lcd.obj (.text:LCD_putstr)
                  0000e922    00000014     rts430_eabi.lib : copy_zero_init.c.obj (.text:decompress:ZI:__TI_zero_init_nomemset:__TI_zero_init_nomemset)
                  0000e936    00000014     delay.obj (.text:delay_ms)
                  0000e94a    00000012     lcd.obj (.text:LCD_clear_home)
                  0000e95c    00000012     rts430_eabi.lib : copy_decompress_none.c.obj (.text:decompress:none:__TI_decompress_none)
                  0000e96e    00000012                     : memcpy.c.obj (.text:memcpy)
                  0000e980    00000010                     : epilog.asm.obj (.text)
                  0000e990    0000000e     I2C.obj (.text:i2c_usi_mst_send_address)
                  0000e99e    0000000c     I2C.obj (.text:i2c_usi_mst_wait_usi_cnt_flag)
                  0000e9aa    00000008     ToF10120.obj (.text:ToF10120_get_distance)
                  0000e9b2    00000008     main.obj (.text:WDTplus_graceInit)
                  0000e9ba    00000008     rts430_eabi.lib : isr_trap.asm.obj (.text:_isr:__TI_ISR_TRAP)
                  0000e9c2    00000006                     : exit.c.obj (.text:abort)
                  0000e9c8    00000004                     : pre_init.c.obj (.text:_system_pre_init)
                  0000e9cc    00000002                     : startup.c.obj (.text:_system_post_cinit)

.const     0    0000e9ce    00000021     
                  0000e9ce    0000001a     main.obj (.const:.string)
                  0000e9e8    00000007     lcd_print.obj (.const:.string:$P$T2$3)

.cinit     0    0000e9f0    00000018     
                  0000e9f0    00000006     (__TI_handler_table)
                  0000e9f6    00000005     (.cinit..data.load) [load image]
                  0000e9fb    00000001     --HOLE-- [fill = 0]
                  0000e9fc    00000004     (.cinit..bss.load) [load image, compression = zero_init]
                  0000ea00    00000008     (__TI_cinit_table)

.binit     0    0000e000    00000000     

.init_array 
*          0    0000e000    00000000     UNINITIALIZED

PORT1      0    0000ffe4    00000002     
                  0000ffe4    00000002     rts430_eabi.lib : int02.asm.obj (.int02)

PORT2      0    0000ffe6    00000002     
                  0000ffe6    00000002     rts430_eabi.lib : int03.asm.obj (.int03)

USI        0    0000ffe8    00000002     
                  0000ffe8    00000002     I2C.obj (.int04)

ADC10      0    0000ffea    00000002     
                  0000ffea    00000002     rts430_eabi.lib : int05.asm.obj (.int05)

TIMER0_A1 
*          0    0000fff0    00000002     
                  0000fff0    00000002     rts430_eabi.lib : int08.asm.obj (.int08)

TIMER0_A0 
*          0    0000fff2    00000002     
                  0000fff2    00000002     rts430_eabi.lib : int09.asm.obj (.int09)

WDT        0    0000fff4    00000002     
                  0000fff4    00000002     rts430_eabi.lib : int10.asm.obj (.int10)

COMPARATORA 
*          0    0000fff6    00000002     
                  0000fff6    00000002     rts430_eabi.lib : int11.asm.obj (.int11)

NMI        0    0000fffc    00000002     
                  0000fffc    00000002     rts430_eabi.lib : int14.asm.obj (.int14)

.reset     0    0000fffe    00000002     
                  0000fffe    00000002     rts430_eabi.lib : boot.c.obj (.reset)

MODULE SUMMARY

       Module                       code   ro data   rw data
       ------                       ----   -------   -------
    .\
       main.obj                     280    26        0      
    +--+----------------------------+------+---------+---------+
       Total:                       280    26        0      
                                                            
    .\Libraries\
       lcd_print.obj                686    7         0      
       lcd.obj                      360    0         2      
       I2C.obj                      310    2         1      
       ToF10120.obj                 210    0         0      
       delay.obj                    50     0         0      
       PCF8574.obj                  32     0         0      
    +--+----------------------------+------+---------+---------+
       Total:                       1648   9         3      
                                                            
    D:\ti\ccs1100\ccs\tools\compiler\ti-cgt-msp430_21.6.0.LTS\lib\rts430_eabi.lib
       copy_decompress_lzss.c.obj   124    0         0      
       div32u.asm.obj               88     0         0      
       lsr16.asm.obj                76     0         0      
       autoinit.c.obj               66     0         0      
       div32s.asm.obj               64     0         0      
       lsl16.asm.obj                44     0         0      
       boot.c.obj                   28     2         0      
       copy_zero_init.c.obj         20     0         0      
       copy_decompress_none.c.obj   18     0         0      
       memcpy.c.obj                 18     0         0      
       epilog.asm.obj               16     0         0      
       isr_trap.asm.obj             8      0         0      
       exit.c.obj                   6      0         0      
       pre_init.c.obj               4      0         0      
       int02.asm.obj                0      2         0      
       int03.asm.obj                0      2         0      
       int05.asm.obj                0      2         0      
       int08.asm.obj                0      2         0      
       int09.asm.obj                0      2         0      
       int10.asm.obj                0      2         0      
       int11.asm.obj                0      2         0      
       int14.asm.obj                0      2         0      
       startup.c.obj                2      0         0      
    +--+----------------------------+------+---------+---------+
       Total:                       582    18        0      
                                                            
       Stack:                       0      0         80     
       Linker Generated:            0      23        0      
    +--+----------------------------+------+---------+---------+
       Grand Total:                 2510   76        83     


LINKER GENERATED COPY TABLES

__TI_cinit_table @ 0000ea00 records: 2, size/record: 4, table size: 8
	.data: load addr=0000e9f6, load size=00000005 bytes, run addr=00000202, run size=00000001 bytes, compression=copy
	.bss: load addr=0000e9fc, load size=00000004 bytes, run addr=00000200, run size=00000002 bytes, compression=zero_init


LINKER GENERATED HANDLER TABLE

__TI_handler_table @ 0000e9f0 records: 3, size/record: 2, table size: 6
	index: 0, handler: __TI_zero_init
	index: 1, handler: __TI_decompress_lzss
	index: 2, handler: __TI_decompress_none


GLOBAL SYMBOLS: SORTED ALPHABETICALLY BY Name 

address   name                           
-------   ----                           
0000004a  ADC10AE0                       
000001b0  ADC10CTL0                      
000001b2  ADC10CTL1                      
00000048  ADC10DTC0                      
00000049  ADC10DTC1                      
000001b4  ADC10MEM                       
000001bc  ADC10SA                        
00000057  BCSCTL1                        
00000058  BCSCTL2                        
00000053  BCSCTL3                        
0000e64c  BCSplus_graceInit              
0000e9c2  C$$EXIT                        
00000059  CACTL1                         
0000005a  CACTL2                         
000010fb  CALBC1_12MHZ                   
000010f9  CALBC1_16MHZ                   
000010ff  CALBC1_1MHZ                    
000010fd  CALBC1_8MHZ                    
000010fa  CALDCO_12MHZ                   
000010f8  CALDCO_16MHZ                   
000010fe  CALDCO_1MHZ                    
000010fc  CALDCO_8MHZ                    
0000005b  CAPD                           
00000056  DCOCTL                         
00000128  FCTL1                          
0000012a  FCTL2                          
0000012c  FCTL3                          
0000e6b2  GPIO_graceInit                 
00000000  IE1                            
00000002  IFG1                           
0000e480  LCD_4bit_send                  
0000e94a  LCD_clear_home                 
0000e7b0  LCD_goto                       
0000e3e0  LCD_init                       
0000e8fa  LCD_putchar                    
0000e90e  LCD_putstr                     
0000e4c8  LCD_send                       
0000e760  LCD_toggle_EN                  
00000022  P1DIR                          
00000025  P1IE                           
00000024  P1IES                          
00000023  P1IFG                          
00000020  P1IN                           
00000021  P1OUT                          
00000027  P1REN                          
00000026  P1SEL                          
00000041  P1SEL2                         
0000002a  P2DIR                          
0000002d  P2IE                           
0000002c  P2IES                          
0000002b  P2IFG                          
00000028  P2IN                           
00000029  P2OUT                          
0000002f  P2REN                          
0000002e  P2SEL                          
00000042  P2SEL2                         
0000e7f4  PCF8574_write                  
0000e872  System_graceInit               
00000172  TA0CCR0                        
00000174  TA0CCR1                        
00000176  TA0CCR2                        
00000162  TA0CCTL0                       
00000164  TA0CCTL1                       
00000166  TA0CCTL2                       
00000160  TA0CTL                         
0000012e  TA0IV                          
00000170  TA0R                           
000010db  TLV_ADC10_1_LEN                
000010da  TLV_ADC10_1_TAG                
000010c0  TLV_CHECKSUM                   
000010f7  TLV_DCO_30_LEN                 
000010f6  TLV_DCO_30_TAG                 
0000e9aa  ToF10120_get_distance          
0000e8c6  ToF10120_init                  
0000e32a  ToF10120_read_word             
0000e814  ToF10120_set_distance_deviation
0000e680  ToF10120_write                 
0000007a  USICCTL                        
0000007a  USICKCTL                       
0000007b  USICNT                         
00000078  USICTL                         
00000078  USICTL0                        
00000079  USICTL1                        
0000007c  USISR                          
0000007d  USISRH                         
0000007c  USISRL                         
0000e8e0  USI_ISR                        
0000e7d2  USI_graceInit                  
00000120  WDTCTL                         
0000e9b2  WDTplus_graceInit              
00000300  __STACK_END                    
00000050  __STACK_SIZE                   
0000ea00  __TI_CINIT_Base                
0000ea08  __TI_CINIT_Limit               
0000ea08  __TI_CINIT_Warm                
0000e9f0  __TI_Handler_Table_Base        
0000e9f6  __TI_Handler_Table_Limit       
0000e9ba  __TI_ISR_TRAP                  
0000e558  __TI_auto_init_nobinit_nopinit 
0000e2ae  __TI_decompress_lzss           
0000e95c  __TI_decompress_none           
0000ffe4  __TI_int02                     
0000ffe6  __TI_int03                     
0000ffe8  __TI_int04                     
0000ffea  __TI_int05                     
0000fff0  __TI_int08                     
0000fff2  __TI_int09                     
0000fff4  __TI_int10                     
0000fff6  __TI_int11                     
0000fffc  __TI_int14                     
ffffffff  __TI_pprof_out_hndl            
ffffffff  __TI_prof_data_size            
ffffffff  __TI_prof_data_start           
0000e922  __TI_zero_init_nomemset        
ffffffff  __c_args__                     
0000e59a  __mspabi_divli                 
0000e388  __mspabi_divul                 
0000e98c  __mspabi_func_epilog_1         
0000e98a  __mspabi_func_epilog_2         
0000e988  __mspabi_func_epilog_3         
0000e986  __mspabi_func_epilog_4         
0000e984  __mspabi_func_epilog_5         
0000e982  __mspabi_func_epilog_6         
0000e980  __mspabi_func_epilog_7         
0000e59a  __mspabi_remli                 
0000e388  __mspabi_remul                 
0000e6e0  __mspabi_slli                  
0000e708  __mspabi_slli_1                
0000e6f6  __mspabi_slli_10               
0000e6f4  __mspabi_slli_11               
0000e6f2  __mspabi_slli_12               
0000e6f0  __mspabi_slli_13               
0000e6ee  __mspabi_slli_14               
0000e6ec  __mspabi_slli_15               
0000e706  __mspabi_slli_2                
0000e704  __mspabi_slli_3                
0000e702  __mspabi_slli_4                
0000e700  __mspabi_slli_5                
0000e6fe  __mspabi_slli_6                
0000e6fc  __mspabi_slli_7                
0000e6fa  __mspabi_slli_8                
0000e6f8  __mspabi_slli_9                
0000e434  __mspabi_srli                  
0000e47a  __mspabi_srli_1                
0000e456  __mspabi_srli_10               
0000e452  __mspabi_srli_11               
0000e44e  __mspabi_srli_12               
0000e44a  __mspabi_srli_13               
0000e446  __mspabi_srli_14               
0000e442  __mspabi_srli_15               
0000e476  __mspabi_srli_2                
0000e472  __mspabi_srli_3                
0000e46e  __mspabi_srli_4                
0000e46a  __mspabi_srli_5                
0000e466  __mspabi_srli_6                
0000e462  __mspabi_srli_7                
0000e45e  __mspabi_srli_8                
0000e45a  __mspabi_srli_9                
0000e88e  _c_int00_noargs                
0000fffe  _reset_vector                  
000002b0  _stack                         
0000e9cc  _system_post_cinit             
0000e9c8  _system_pre_init               
0000e9c2  abort                          
0000e936  delay_ms                       
0000e854  delay_us                       
0000e614  i2c_usi_mst_gen_repeated_start 
0000e70c  i2c_usi_mst_gen_start          
0000e834  i2c_usi_mst_gen_stop           
0000e8aa  i2c_usi_mst_read_byte          
0000e990  i2c_usi_mst_send_address       
0000e5da  i2c_usi_mst_send_byte          
0000e736  i2c_usi_mst_send_n_ack         
0000e99e  i2c_usi_mst_wait_usi_cnt_flag  
0000e510  main                           
0000e96e  memcpy                         
0000e000  print_I                        
0000e788  setup                          


GLOBAL SYMBOLS: SORTED BY Symbol Address 

address   name                           
-------   ----                           
00000000  IE1                            
00000002  IFG1                           
00000020  P1IN                           
00000021  P1OUT                          
00000022  P1DIR                          
00000023  P1IFG                          
00000024  P1IES                          
00000025  P1IE                           
00000026  P1SEL                          
00000027  P1REN                          
00000028  P2IN                           
00000029  P2OUT                          
0000002a  P2DIR                          
0000002b  P2IFG                          
0000002c  P2IES                          
0000002d  P2IE                           
0000002e  P2SEL                          
0000002f  P2REN                          
00000041  P1SEL2                         
00000042  P2SEL2                         
00000048  ADC10DTC0                      
00000049  ADC10DTC1                      
0000004a  ADC10AE0                       
00000050  __STACK_SIZE                   
00000053  BCSCTL3                        
00000056  DCOCTL                         
00000057  BCSCTL1                        
00000058  BCSCTL2                        
00000059  CACTL1                         
0000005a  CACTL2                         
0000005b  CAPD                           
00000078  USICTL                         
00000078  USICTL0                        
00000079  USICTL1                        
0000007a  USICCTL                        
0000007a  USICKCTL                       
0000007b  USICNT                         
0000007c  USISR                          
0000007c  USISRL                         
0000007d  USISRH                         
00000120  WDTCTL                         
00000128  FCTL1                          
0000012a  FCTL2                          
0000012c  FCTL3                          
0000012e  TA0IV                          
00000160  TA0CTL                         
00000162  TA0CCTL0                       
00000164  TA0CCTL1                       
00000166  TA0CCTL2                       
00000170  TA0R                           
00000172  TA0CCR0                        
00000174  TA0CCR1                        
00000176  TA0CCR2                        
000001b0  ADC10CTL0                      
000001b2  ADC10CTL1                      
000001b4  ADC10MEM                       
000001bc  ADC10SA                        
000002b0  _stack                         
00000300  __STACK_END                    
000010c0  TLV_CHECKSUM                   
000010da  TLV_ADC10_1_TAG                
000010db  TLV_ADC10_1_LEN                
000010f6  TLV_DCO_30_TAG                 
000010f7  TLV_DCO_30_LEN                 
000010f8  CALDCO_16MHZ                   
000010f9  CALBC1_16MHZ                   
000010fa  CALDCO_12MHZ                   
000010fb  CALBC1_12MHZ                   
000010fc  CALDCO_8MHZ                    
000010fd  CALBC1_8MHZ                    
000010fe  CALDCO_1MHZ                    
000010ff  CALBC1_1MHZ                    
0000e000  print_I                        
0000e2ae  __TI_decompress_lzss           
0000e32a  ToF10120_read_word             
0000e388  __mspabi_divul                 
0000e388  __mspabi_remul                 
0000e3e0  LCD_init                       
0000e434  __mspabi_srli                  
0000e442  __mspabi_srli_15               
0000e446  __mspabi_srli_14               
0000e44a  __mspabi_srli_13               
0000e44e  __mspabi_srli_12               
0000e452  __mspabi_srli_11               
0000e456  __mspabi_srli_10               
0000e45a  __mspabi_srli_9                
0000e45e  __mspabi_srli_8                
0000e462  __mspabi_srli_7                
0000e466  __mspabi_srli_6                
0000e46a  __mspabi_srli_5                
0000e46e  __mspabi_srli_4                
0000e472  __mspabi_srli_3                
0000e476  __mspabi_srli_2                
0000e47a  __mspabi_srli_1                
0000e480  LCD_4bit_send                  
0000e4c8  LCD_send                       
0000e510  main                           
0000e558  __TI_auto_init_nobinit_nopinit 
0000e59a  __mspabi_divli                 
0000e59a  __mspabi_remli                 
0000e5da  i2c_usi_mst_send_byte          
0000e614  i2c_usi_mst_gen_repeated_start 
0000e64c  BCSplus_graceInit              
0000e680  ToF10120_write                 
0000e6b2  GPIO_graceInit                 
0000e6e0  __mspabi_slli                  
0000e6ec  __mspabi_slli_15               
0000e6ee  __mspabi_slli_14               
0000e6f0  __mspabi_slli_13               
0000e6f2  __mspabi_slli_12               
0000e6f4  __mspabi_slli_11               
0000e6f6  __mspabi_slli_10               
0000e6f8  __mspabi_slli_9                
0000e6fa  __mspabi_slli_8                
0000e6fc  __mspabi_slli_7                
0000e6fe  __mspabi_slli_6                
0000e700  __mspabi_slli_5                
0000e702  __mspabi_slli_4                
0000e704  __mspabi_slli_3                
0000e706  __mspabi_slli_2                
0000e708  __mspabi_slli_1                
0000e70c  i2c_usi_mst_gen_start          
0000e736  i2c_usi_mst_send_n_ack         
0000e760  LCD_toggle_EN                  
0000e788  setup                          
0000e7b0  LCD_goto                       
0000e7d2  USI_graceInit                  
0000e7f4  PCF8574_write                  
0000e814  ToF10120_set_distance_deviation
0000e834  i2c_usi_mst_gen_stop           
0000e854  delay_us                       
0000e872  System_graceInit               
0000e88e  _c_int00_noargs                
0000e8aa  i2c_usi_mst_read_byte          
0000e8c6  ToF10120_init                  
0000e8e0  USI_ISR                        
0000e8fa  LCD_putchar                    
0000e90e  LCD_putstr                     
0000e922  __TI_zero_init_nomemset        
0000e936  delay_ms                       
0000e94a  LCD_clear_home                 
0000e95c  __TI_decompress_none           
0000e96e  memcpy                         
0000e980  __mspabi_func_epilog_7         
0000e982  __mspabi_func_epilog_6         
0000e984  __mspabi_func_epilog_5         
0000e986  __mspabi_func_epilog_4         
0000e988  __mspabi_func_epilog_3         
0000e98a  __mspabi_func_epilog_2         
0000e98c  __mspabi_func_epilog_1         
0000e990  i2c_usi_mst_send_address       
0000e99e  i2c_usi_mst_wait_usi_cnt_flag  
0000e9aa  ToF10120_get_distance          
0000e9b2  WDTplus_graceInit              
0000e9ba  __TI_ISR_TRAP                  
0000e9c2  C$$EXIT                        
0000e9c2  abort                          
0000e9c8  _system_pre_init               
0000e9cc  _system_post_cinit             
0000e9f0  __TI_Handler_Table_Base        
0000e9f6  __TI_Handler_Table_Limit       
0000ea00  __TI_CINIT_Base                
0000ea08  __TI_CINIT_Limit               
0000ea08  __TI_CINIT_Warm                
0000ffe4  __TI_int02                     
0000ffe6  __TI_int03                     
0000ffe8  __TI_int04                     
0000ffea  __TI_int05                     
0000fff0  __TI_int08                     
0000fff2  __TI_int09                     
0000fff4  __TI_int10                     
0000fff6  __TI_int11                     
0000fffc  __TI_int14                     
0000fffe  _reset_vector                  
ffffffff  __TI_pprof_out_hndl            
ffffffff  __TI_prof_data_size            
ffffffff  __TI_prof_data_start           
ffffffff  __c_args__                     

[178 symbols]
