******************************************************************************
                  MSP430 Linker PC v17.6.0                     
******************************************************************************
>> Linked Tue Sep 26 13:28:02 2017

OUTPUT FILE NAME:   <RTCC.out>
ENTRY POINT SYMBOL: "_c_int00_noargs_noexit"  address: 00001bde


MEMORY CONFIGURATION

         name            origin    length      used     unused   attr    fill
----------------------  --------  ---------  --------  --------  ----  --------
  SFR                   00000000   00000010  00000000  00000010  RWIX
  PERIPHERALS_8BIT      00000010   000000f0  00000000  000000f0  RWIX
  PERIPHERALS_16BIT     00000100   00000100  00000000  00000100  RWIX
  RAM                   00000200   00000800  0000005c  000007a4  RWIX
  INFOB                 00001000   00000080  00000000  00000080  RWIX
  INFOA                 00001080   00000080  00000000  00000080  RWIX
  FLASH                 00001100   0000eee0  00000c4c  0000e294  RWIX
  INT00                 0000ffe0   00000002  00000000  00000002  RWIX
  INT01                 0000ffe2   00000002  00000002  00000000  RWIX
  INT02                 0000ffe4   00000002  00000002  00000000  RWIX
  INT03                 0000ffe6   00000002  00000002  00000000  RWIX
  INT04                 0000ffe8   00000002  00000002  00000000  RWIX
  INT05                 0000ffea   00000002  00000002  00000000  RWIX
  INT06                 0000ffec   00000002  00000002  00000000  RWIX
  INT07                 0000ffee   00000002  00000002  00000000  RWIX
  INT08                 0000fff0   00000002  00000002  00000000  RWIX
  INT09                 0000fff2   00000002  00000002  00000000  RWIX
  INT10                 0000fff4   00000002  00000002  00000000  RWIX
  INT11                 0000fff6   00000002  00000002  00000000  RWIX
  INT12                 0000fff8   00000002  00000002  00000000  RWIX
  INT13                 0000fffa   00000002  00000002  00000000  RWIX
  INT14                 0000fffc   00000002  00000002  00000000  RWIX
  RESET                 0000fffe   00000002  00000002  00000000  RWIX


SECTION ALLOCATION MAP

 output                                  attributes/
section   page    origin      length       input sections
--------  ----  ----------  ----------   ----------------
.data      0    00000200    0000000c     UNINITIALIZED
                  00000200    0000000c     main.obj (.data)

.stack     0    000009b0    00000050     UNINITIALIZED
                  000009b0    00000002     rts430_eabi.lib : boot.obj (.stack)
                  000009b2    0000004e     --HOLE--

.text      0    00001100    00000c08     
                  00001100    00000264     main.obj (.text:setup_RTC)
                  00001364    00000178     main.obj (.text:TIMERB_ISR)
                  000014dc    000000d0     main.obj (.text:display_time)
                  000015ac    000000c8     main.obj (.text:set_value)
                  00001674    000000bc     lcd.obj (.text:LCD_init)
                  00001730    0000007e     main.obj (.text:dow_disp)
                  000017ae    0000007c     rts430_eabi.lib : copy_decompress_lzss.obj (.text:decompress:lzss:__TI_decompress_lzss)
                  0000182a    00000076     lcd.obj (.text:LCD_4bit_send)
                  000018a0    0000006e     rts430_eabi.lib : autoinit.obj (.text:_auto_init)
                  0000190e    0000005a                     : cpy_tbl.obj (.text:copy_in)
                  00001968    0000004c                     : lsr16.obj (.text)
                  000019b4    00000048     main.obj (.text:LCD_print_value)
                  000019fc    00000046     main.obj (.text:GPIO_setup)
                  00001a42    0000003e     main.obj (.text:main)
                  00001a80    0000003a     main.obj (.text:LCD_print_int_value)
                  00001aba    0000002e     main.obj (.text:get_buttons)
                  00001ae8    0000002c     rts430_eabi.lib : div16s.obj (.text)
                  00001b14    0000002c                     : lsl16.obj (.text)
                  00001b40    00000028     main.obj (.text:AM_PM_disp)
                  00001b68    00000022     lcd.obj (.text:LCD_goto)
                  00001b8a    00000020     main.obj (.text:BCSP_setup)
                  00001baa    0000001a     lcd.obj (.text:LCD_send)
                  00001bc4    0000001a     main.obj (.text:System_setup)
                  00001bde    0000001a     rts430_eabi.lib : boot_special.obj (.text:_c_int00_noargs_noexit)
                  00001bf8    0000001a     lcd.obj (.text:toggle_io)
                  00001c12    00000016     lcd.obj (.text:LCD_putstr)
                  00001c28    00000016     rts430_eabi.lib : div16u.obj (.text)
                  00001c3e    00000016     lcd.obj (.text:toggle_EN_pin)
                  00001c54    00000014     delay.obj (.text:delay_ms)
                  00001c68    00000014     delay.obj (.text:delay_us)
                  00001c7c    00000014     rts430_eabi.lib : mult16_hw.obj (.text)
                  00001c90    00000012     lcd.obj (.text:LCD_clear_home)
                  00001ca2    00000012     rts430_eabi.lib : copy_decompress_none.obj (.text:decompress:none:__TI_decompress_none)
                  00001cb4    00000012                     : memcpy.obj (.text:memcpy)
                  00001cc6    00000010                     : epilog.obj (.text)
                  00001cd6    0000000e     main.obj (.text:Timer_B_setup)
                  00001ce4    00000008     lcd.obj (.text:LCD_putchar)
                  00001cec    00000008     main.obj (.text:WDTP_setup)
                  00001cf4    00000008     rts430_eabi.lib : isr_trap.obj (.text:_isr:__TI_ISR_TRAP)
                  00001cfc    00000006                     : exit.obj (.text:abort)
                  00001d02    00000004                     : pre_init.obj (.text:_system_pre_init)
                  00001d06    00000002                     : startup.obj (.text:_system_post_cinit)

.const     0    00001d08    0000002c     
                  00001d08    0000002c     main.obj (.const:.string)

.cinit     0    00001d34    00000018     
                  00001d34    00000010     (.cinit..data.load) [load image]
                  00001d44    00000004     (__TI_handler_table)
                  00001d48    00000004     (__TI_cinit_table)

.binit     0    00001100    00000000     

.init_array 
*          0    00001100    00000000     UNINITIALIZED

PORT2      0    0000ffe2    00000002     
                  0000ffe2    00000002     rts430_eabi.lib : int01.obj (.int01)

USART1TX   0    0000ffe4    00000002     
                  0000ffe4    00000002     rts430_eabi.lib : int02.obj (.int02)

USART1RX   0    0000ffe6    00000002     
                  0000ffe6    00000002     rts430_eabi.lib : int03.obj (.int03)

PORT1      0    0000ffe8    00000002     
                  0000ffe8    00000002     rts430_eabi.lib : int04.obj (.int04)

TIMERA1    0    0000ffea    00000002     
                  0000ffea    00000002     rts430_eabi.lib : int05.obj (.int05)

TIMERA0    0    0000ffec    00000002     
                  0000ffec    00000002     rts430_eabi.lib : int06.obj (.int06)

ADC12      0    0000ffee    00000002     
                  0000ffee    00000002     rts430_eabi.lib : int07.obj (.int07)

USART0TX   0    0000fff0    00000002     
                  0000fff0    00000002     rts430_eabi.lib : int08.obj (.int08)

USART0RX   0    0000fff2    00000002     
                  0000fff2    00000002     rts430_eabi.lib : int09.obj (.int09)

WDT        0    0000fff4    00000002     
                  0000fff4    00000002     rts430_eabi.lib : int10.obj (.int10)

COMPARATORA 
*          0    0000fff6    00000002     
                  0000fff6    00000002     rts430_eabi.lib : int11.obj (.int11)

TIMERB1    0    0000fff8    00000002     
                  0000fff8    00000002     main.obj (.int12)

TIMERB0    0    0000fffa    00000002     
                  0000fffa    00000002     rts430_eabi.lib : int13.obj (.int13)

NMI        0    0000fffc    00000002     
                  0000fffc    00000002     rts430_eabi.lib : int14.obj (.int14)

.reset     0    0000fffe    00000002     
                  0000fffe    00000002     rts430_eabi.lib : boot.obj (.reset)

MODULE SUMMARY

       Module                     code   ro data   rw data
       ------                     ----   -------   -------
    .\
       main.obj                   1950   46        12     
    +--+--------------------------+------+---------+---------+
       Total:                     1950   46        12     
                                                          
    .\Libraries\
       lcd.obj                    462    0         0      
       delay.obj                  40     0         0      
    +--+--------------------------+------+---------+---------+
       Total:                     502    0         0      
                                                          
    C:\ti\ccsv7\tools\compiler\ti-cgt-msp430_17.6.0.STS\lib\rts430_eabi.lib
       copy_decompress_lzss.obj   124    0         0      
       autoinit.obj               110    0         0      
       cpy_tbl.obj                90     0         0      
       lsr16.obj                  76     0         0      
       div16s.obj                 44     0         0      
       lsl16.obj                  44     0         0      
       boot_special.obj           26     0         0      
       div16u.obj                 22     0         0      
       mult16_hw.obj              20     0         0      
       copy_decompress_none.obj   18     0         0      
       memcpy.obj                 18     0         0      
       epilog.obj                 16     0         0      
       isr_trap.obj               8      0         0      
       exit.obj                   6      0         0      
       pre_init.obj               4      0         0      
       boot.obj                   0      2         0      
       int01.obj                  0      2         0      
       int02.obj                  0      2         0      
       int03.obj                  0      2         0      
       int04.obj                  0      2         0      
       int05.obj                  0      2         0      
       int06.obj                  0      2         0      
       int07.obj                  0      2         0      
       int08.obj                  0      2         0      
       int09.obj                  0      2         0      
       int10.obj                  0      2         0      
       int11.obj                  0      2         0      
       int13.obj                  0      2         0      
       int14.obj                  0      2         0      
       startup.obj                2      0         0      
    +--+--------------------------+------+---------+---------+
       Total:                     628    28        0      
                                                          
       Stack:                     0      0         80     
       Linker Generated:          0      24        0      
    +--+--------------------------+------+---------+---------+
       Grand Total:               3080   98        92     


LINKER GENERATED COPY TABLES

__TI_cinit_table @ 00001d48 records: 1, size/record: 4, table size: 4
	.data: load addr=00001d34, load size=00000010 bytes, run addr=00000200, run size=0000000c bytes, compression=copy


LINKER GENERATED HANDLER TABLE

__TI_handler_table @ 00001d44 records: 2, size/record: 2, table size: 4
	index: 0, handler: __TI_decompress_lzss
	index: 1, handler: __TI_decompress_none


GLOBAL SYMBOLS: SORTED ALPHABETICALLY BY Name 

address   name                    
-------   ----                    
000001a0  ADC12CTL0               
000001a2  ADC12CTL1               
000001a6  ADC12IE                 
000001a4  ADC12IFG                
000001a8  ADC12IV                 
00000080  ADC12MCTL0              
00000081  ADC12MCTL1              
0000008a  ADC12MCTL10             
0000008b  ADC12MCTL11             
0000008c  ADC12MCTL12             
0000008d  ADC12MCTL13             
0000008e  ADC12MCTL14             
0000008f  ADC12MCTL15             
00000082  ADC12MCTL2              
00000083  ADC12MCTL3              
00000084  ADC12MCTL4              
00000085  ADC12MCTL5              
00000086  ADC12MCTL6              
00000087  ADC12MCTL7              
00000088  ADC12MCTL8              
00000089  ADC12MCTL9              
00000140  ADC12MEM0               
00000142  ADC12MEM1               
00000154  ADC12MEM10              
00000156  ADC12MEM11              
00000158  ADC12MEM12              
0000015a  ADC12MEM13              
0000015c  ADC12MEM14              
0000015e  ADC12MEM15              
00000144  ADC12MEM2               
00000146  ADC12MEM3               
00000148  ADC12MEM4               
0000014a  ADC12MEM5               
0000014c  ADC12MEM6               
0000014e  ADC12MEM7               
00000150  ADC12MEM8               
00000152  ADC12MEM9               
00001b40  AM_PM_disp              
00000057  BCSCTL1                 
00000058  BCSCTL2                 
00001b8a  BCSP_setup              
00001cfc  C$$EXIT                 
00000059  CACTL1                  
0000005a  CACTL2                  
0000005b  CAPD                    
00000056  DCOCTL                  
00000128  FCTL1                   
0000012a  FCTL2                   
0000012c  FCTL3                   
000019fc  GPIO_setup              
00000000  IE1                     
00000001  IE2                     
00000002  IFG1                    
00000003  IFG2                    
0000182a  LCD_4bit_send           
00001c90  LCD_clear_home          
00001b68  LCD_goto                
00001674  LCD_init                
00001a80  LCD_print_int_value     
000019b4  LCD_print_value         
00001ce4  LCD_putchar             
00001c12  LCD_putstr              
00001baa  LCD_send                
00000134  MAC                     
00000136  MACS                    
00000004  ME1                     
00000005  ME2                     
00000130  MPY                     
00000132  MPYS                    
00000138  OP2                     
00000022  P1DIR                   
00000025  P1IE                    
00000024  P1IES                   
00000023  P1IFG                   
00000020  P1IN                    
00000021  P1OUT                   
00000026  P1SEL                   
0000002a  P2DIR                   
0000002d  P2IE                    
0000002c  P2IES                   
0000002b  P2IFG                   
00000028  P2IN                    
00000029  P2OUT                   
0000002e  P2SEL                   
0000001a  P3DIR                   
00000018  P3IN                    
00000019  P3OUT                   
0000001b  P3SEL                   
0000001e  P4DIR                   
0000001c  P4IN                    
0000001d  P4OUT                   
0000001f  P4SEL                   
00000032  P5DIR                   
00000030  P5IN                    
00000031  P5OUT                   
00000033  P5SEL                   
00000036  P6DIR                   
00000034  P6IN                    
00000035  P6OUT                   
00000037  P6SEL                   
0000013c  RESHI                   
0000013a  RESLO                   
0000013e  SUMEXT                  
00001bc4  System_setup            
00000172  TACCR0                  
00000174  TACCR1                  
00000176  TACCR2                  
00000162  TACCTL0                 
00000164  TACCTL1                 
00000166  TACCTL2                 
00000160  TACTL                   
0000012e  TAIV                    
00000170  TAR                     
00000192  TBCCR0                  
00000194  TBCCR1                  
00000196  TBCCR2                  
00000198  TBCCR3                  
0000019a  TBCCR4                  
0000019c  TBCCR5                  
0000019e  TBCCR6                  
00000182  TBCCTL0                 
00000184  TBCCTL1                 
00000186  TBCCTL2                 
00000188  TBCCTL3                 
0000018a  TBCCTL4                 
0000018c  TBCCTL5                 
0000018e  TBCCTL6                 
00000180  TBCTL                   
0000011e  TBIV                    
00000190  TBR                     
00001364  TIMERB_ISR              
00001cd6  Timer_B_setup           
00000074  U0BR0                   
00000075  U0BR1                   
00000070  U0CTL                   
00000073  U0MCTL                  
00000072  U0RCTL                  
00000076  U0RXBUF                 
00000071  U0TCTL                  
00000077  U0TXBUF                 
0000007c  U1BR0                   
0000007d  U1BR1                   
00000078  U1CTL                   
0000007b  U1MCTL                  
0000007a  U1RCTL                  
0000007e  U1RXBUF                 
00000079  U1TCTL                  
0000007f  U1TXBUF                 
00000120  WDTCTL                  
00001cec  WDTP_setup              
00000a00  __STACK_END             
00000050  __STACK_SIZE            
UNDEFED   __TI_BINIT_Base         
UNDEFED   __TI_BINIT_Limit        
00001d48  __TI_CINIT_Base         
00001d4c  __TI_CINIT_Limit        
00001d44  __TI_Handler_Table_Base 
00001d48  __TI_Handler_Table_Limit
UNDEFED   __TI_INITARRAY_Base     
UNDEFED   __TI_INITARRAY_Limit    
00001cf4  __TI_ISR_TRAP           
000017ae  __TI_decompress_lzss    
00001ca2  __TI_decompress_none    
0000ffe2  __TI_int01              
0000ffe4  __TI_int02              
0000ffe6  __TI_int03              
0000ffe8  __TI_int04              
0000ffea  __TI_int05              
0000ffec  __TI_int06              
0000ffee  __TI_int07              
0000fff0  __TI_int08              
0000fff2  __TI_int09              
0000fff4  __TI_int10              
0000fff6  __TI_int11              
0000fff8  __TI_int12              
0000fffa  __TI_int13              
0000fffc  __TI_int14              
ffffffff  __TI_pprof_out_hndl     
ffffffff  __TI_prof_data_size     
ffffffff  __TI_prof_data_start    
ffffffff  __c_args__              
00001ae8  __mspabi_divi           
00001c28  __mspabi_divu           
00001cd2  __mspabi_func_epilog_1  
00001cd0  __mspabi_func_epilog_2  
00001cce  __mspabi_func_epilog_3  
00001ccc  __mspabi_func_epilog_4  
00001cca  __mspabi_func_epilog_5  
00001cc8  __mspabi_func_epilog_6  
00001cc6  __mspabi_func_epilog_7  
00001c7c  __mspabi_mpyi_hw        
00001ae8  __mspabi_remi           
00001c28  __mspabi_remu           
00001b14  __mspabi_slli           
00001b3c  __mspabi_slli_1         
00001b2a  __mspabi_slli_10        
00001b28  __mspabi_slli_11        
00001b26  __mspabi_slli_12        
00001b24  __mspabi_slli_13        
00001b22  __mspabi_slli_14        
00001b20  __mspabi_slli_15        
00001b3a  __mspabi_slli_2         
00001b38  __mspabi_slli_3         
00001b36  __mspabi_slli_4         
00001b34  __mspabi_slli_5         
00001b32  __mspabi_slli_6         
00001b30  __mspabi_slli_7         
00001b2e  __mspabi_slli_8         
00001b2c  __mspabi_slli_9         
00001968  __mspabi_srli           
000019ae  __mspabi_srli_1         
0000198a  __mspabi_srli_10        
00001986  __mspabi_srli_11        
00001982  __mspabi_srli_12        
0000197e  __mspabi_srli_13        
0000197a  __mspabi_srli_14        
00001976  __mspabi_srli_15        
000019aa  __mspabi_srli_2         
000019a6  __mspabi_srli_3         
000019a2  __mspabi_srli_4         
0000199e  __mspabi_srli_5         
0000199a  __mspabi_srli_6         
00001996  __mspabi_srli_7         
00001992  __mspabi_srli_8         
0000198e  __mspabi_srli_9         
000018a0  _auto_init              
00001bde  _c_int00_noargs_noexit  
0000fffe  _reset_vector           
000009b0  _stack                  
00001d06  _system_post_cinit      
00001d02  _system_pre_init        
00001cfc  abort                   
00000208  ampm                    
0000190e  copy_in                 
00000204  date                    
00001c54  delay_ms                
00001c68  delay_us                
000014dc  display_time            
00000200  dow                     
00001730  dow_disp                
00001aba  get_buttons             
00000202  hr                      
00000207  leap_year               
00001a42  main                    
00001cb4  memcpy                  
00000203  min                     
00000205  month                   
00000201  s                       
000015ac  set_value               
00001100  setup_RTC               
00000206  toggle                  
00001c3e  toggle_EN_pin           
00001bf8  toggle_io               
0000020a  year                    


GLOBAL SYMBOLS: SORTED BY Symbol Address 

address   name                    
-------   ----                    
00000000  IE1                     
00000001  IE2                     
00000002  IFG1                    
00000003  IFG2                    
00000004  ME1                     
00000005  ME2                     
00000018  P3IN                    
00000019  P3OUT                   
0000001a  P3DIR                   
0000001b  P3SEL                   
0000001c  P4IN                    
0000001d  P4OUT                   
0000001e  P4DIR                   
0000001f  P4SEL                   
00000020  P1IN                    
00000021  P1OUT                   
00000022  P1DIR                   
00000023  P1IFG                   
00000024  P1IES                   
00000025  P1IE                    
00000026  P1SEL                   
00000028  P2IN                    
00000029  P2OUT                   
0000002a  P2DIR                   
0000002b  P2IFG                   
0000002c  P2IES                   
0000002d  P2IE                    
0000002e  P2SEL                   
00000030  P5IN                    
00000031  P5OUT                   
00000032  P5DIR                   
00000033  P5SEL                   
00000034  P6IN                    
00000035  P6OUT                   
00000036  P6DIR                   
00000037  P6SEL                   
00000050  __STACK_SIZE            
00000056  DCOCTL                  
00000057  BCSCTL1                 
00000058  BCSCTL2                 
00000059  CACTL1                  
0000005a  CACTL2                  
0000005b  CAPD                    
00000070  U0CTL                   
00000071  U0TCTL                  
00000072  U0RCTL                  
00000073  U0MCTL                  
00000074  U0BR0                   
00000075  U0BR1                   
00000076  U0RXBUF                 
00000077  U0TXBUF                 
00000078  U1CTL                   
00000079  U1TCTL                  
0000007a  U1RCTL                  
0000007b  U1MCTL                  
0000007c  U1BR0                   
0000007d  U1BR1                   
0000007e  U1RXBUF                 
0000007f  U1TXBUF                 
00000080  ADC12MCTL0              
00000081  ADC12MCTL1              
00000082  ADC12MCTL2              
00000083  ADC12MCTL3              
00000084  ADC12MCTL4              
00000085  ADC12MCTL5              
00000086  ADC12MCTL6              
00000087  ADC12MCTL7              
00000088  ADC12MCTL8              
00000089  ADC12MCTL9              
0000008a  ADC12MCTL10             
0000008b  ADC12MCTL11             
0000008c  ADC12MCTL12             
0000008d  ADC12MCTL13             
0000008e  ADC12MCTL14             
0000008f  ADC12MCTL15             
0000011e  TBIV                    
00000120  WDTCTL                  
00000128  FCTL1                   
0000012a  FCTL2                   
0000012c  FCTL3                   
0000012e  TAIV                    
00000130  MPY                     
00000132  MPYS                    
00000134  MAC                     
00000136  MACS                    
00000138  OP2                     
0000013a  RESLO                   
0000013c  RESHI                   
0000013e  SUMEXT                  
00000140  ADC12MEM0               
00000142  ADC12MEM1               
00000144  ADC12MEM2               
00000146  ADC12MEM3               
00000148  ADC12MEM4               
0000014a  ADC12MEM5               
0000014c  ADC12MEM6               
0000014e  ADC12MEM7               
00000150  ADC12MEM8               
00000152  ADC12MEM9               
00000154  ADC12MEM10              
00000156  ADC12MEM11              
00000158  ADC12MEM12              
0000015a  ADC12MEM13              
0000015c  ADC12MEM14              
0000015e  ADC12MEM15              
00000160  TACTL                   
00000162  TACCTL0                 
00000164  TACCTL1                 
00000166  TACCTL2                 
00000170  TAR                     
00000172  TACCR0                  
00000174  TACCR1                  
00000176  TACCR2                  
00000180  TBCTL                   
00000182  TBCCTL0                 
00000184  TBCCTL1                 
00000186  TBCCTL2                 
00000188  TBCCTL3                 
0000018a  TBCCTL4                 
0000018c  TBCCTL5                 
0000018e  TBCCTL6                 
00000190  TBR                     
00000192  TBCCR0                  
00000194  TBCCR1                  
00000196  TBCCR2                  
00000198  TBCCR3                  
0000019a  TBCCR4                  
0000019c  TBCCR5                  
0000019e  TBCCR6                  
000001a0  ADC12CTL0               
000001a2  ADC12CTL1               
000001a4  ADC12IFG                
000001a6  ADC12IE                 
000001a8  ADC12IV                 
00000200  dow                     
00000201  s                       
00000202  hr                      
00000203  min                     
00000204  date                    
00000205  month                   
00000206  toggle                  
00000207  leap_year               
00000208  ampm                    
0000020a  year                    
000009b0  _stack                  
00000a00  __STACK_END             
00001100  setup_RTC               
00001364  TIMERB_ISR              
000014dc  display_time            
000015ac  set_value               
00001674  LCD_init                
00001730  dow_disp                
000017ae  __TI_decompress_lzss    
0000182a  LCD_4bit_send           
000018a0  _auto_init              
0000190e  copy_in                 
00001968  __mspabi_srli           
00001976  __mspabi_srli_15        
0000197a  __mspabi_srli_14        
0000197e  __mspabi_srli_13        
00001982  __mspabi_srli_12        
00001986  __mspabi_srli_11        
0000198a  __mspabi_srli_10        
0000198e  __mspabi_srli_9         
00001992  __mspabi_srli_8         
00001996  __mspabi_srli_7         
0000199a  __mspabi_srli_6         
0000199e  __mspabi_srli_5         
000019a2  __mspabi_srli_4         
000019a6  __mspabi_srli_3         
000019aa  __mspabi_srli_2         
000019ae  __mspabi_srli_1         
000019b4  LCD_print_value         
000019fc  GPIO_setup              
00001a42  main                    
00001a80  LCD_print_int_value     
00001aba  get_buttons             
00001ae8  __mspabi_divi           
00001ae8  __mspabi_remi           
00001b14  __mspabi_slli           
00001b20  __mspabi_slli_15        
00001b22  __mspabi_slli_14        
00001b24  __mspabi_slli_13        
00001b26  __mspabi_slli_12        
00001b28  __mspabi_slli_11        
00001b2a  __mspabi_slli_10        
00001b2c  __mspabi_slli_9         
00001b2e  __mspabi_slli_8         
00001b30  __mspabi_slli_7         
00001b32  __mspabi_slli_6         
00001b34  __mspabi_slli_5         
00001b36  __mspabi_slli_4         
00001b38  __mspabi_slli_3         
00001b3a  __mspabi_slli_2         
00001b3c  __mspabi_slli_1         
00001b40  AM_PM_disp              
00001b68  LCD_goto                
00001b8a  BCSP_setup              
00001baa  LCD_send                
00001bc4  System_setup            
00001bde  _c_int00_noargs_noexit  
00001bf8  toggle_io               
00001c12  LCD_putstr              
00001c28  __mspabi_divu           
00001c28  __mspabi_remu           
00001c3e  toggle_EN_pin           
00001c54  delay_ms                
00001c68  delay_us                
00001c7c  __mspabi_mpyi_hw        
00001c90  LCD_clear_home          
00001ca2  __TI_decompress_none    
00001cb4  memcpy                  
00001cc6  __mspabi_func_epilog_7  
00001cc8  __mspabi_func_epilog_6  
00001cca  __mspabi_func_epilog_5  
00001ccc  __mspabi_func_epilog_4  
00001cce  __mspabi_func_epilog_3  
00001cd0  __mspabi_func_epilog_2  
00001cd2  __mspabi_func_epilog_1  
00001cd6  Timer_B_setup           
00001ce4  LCD_putchar             
00001cec  WDTP_setup              
00001cf4  __TI_ISR_TRAP           
00001cfc  C$$EXIT                 
00001cfc  abort                   
00001d02  _system_pre_init        
00001d06  _system_post_cinit      
00001d44  __TI_Handler_Table_Base 
00001d48  __TI_CINIT_Base         
00001d48  __TI_Handler_Table_Limit
00001d4c  __TI_CINIT_Limit        
0000ffe2  __TI_int01              
0000ffe4  __TI_int02              
0000ffe6  __TI_int03              
0000ffe8  __TI_int04              
0000ffea  __TI_int05              
0000ffec  __TI_int06              
0000ffee  __TI_int07              
0000fff0  __TI_int08              
0000fff2  __TI_int09              
0000fff4  __TI_int10              
0000fff6  __TI_int11              
0000fff8  __TI_int12              
0000fffa  __TI_int13              
0000fffc  __TI_int14              
0000fffe  _reset_vector           
ffffffff  __TI_pprof_out_hndl     
ffffffff  __TI_prof_data_size     
ffffffff  __TI_prof_data_start    
ffffffff  __c_args__              
UNDEFED   __TI_BINIT_Base         
UNDEFED   __TI_BINIT_Limit        
UNDEFED   __TI_INITARRAY_Base     
UNDEFED   __TI_INITARRAY_Limit    

[254 symbols]
