******************************************************************************
                  MSP430 Linker PC v20.2.4                     
******************************************************************************
>> Linked Sat Mar  6 23:11:30 2021

OUTPUT FILE NAME:   <PC_Fan_RPM_Measurement.out>
ENTRY POINT SYMBOL: "_c_int00_noargs"  address: 0000de9e


MEMORY CONFIGURATION

         name            origin    length      used     unused   attr    fill
----------------------  --------  ---------  --------  --------  ----  --------
  SFR                   00000000   00000010  00000000  00000010  RWIX
  PERIPHERALS_8BIT      00000010   000000f0  00000000  000000f0  RWIX
  PERIPHERALS_16BIT     00000100   00000100  00000000  00000100  RWIX
  RAM                   00000200   00000200  00000058  000001a8  RWIX
  INFOD                 00001000   00000040  00000000  00000040  RWIX
  INFOC                 00001040   00000040  00000000  00000040  RWIX
  INFOB                 00001080   00000040  00000000  00000040  RWIX
  INFOA                 000010c0   00000040  00000000  00000040  RWIX
  FLASH                 0000c000   00003fde  00002009  00001fd5  RWIX
  BSLSIGNATURE          0000ffde   00000002  00000002  00000000  RWIX  ffff 
  INT00                 0000ffe0   00000002  00000002  00000000  RWIX
  INT01                 0000ffe2   00000002  00000000  00000002  RWIX
  INT02                 0000ffe4   00000002  00000002  00000000  RWIX
  INT03                 0000ffe6   00000002  00000002  00000000  RWIX
  INT04                 0000ffe8   00000002  00000000  00000002  RWIX
  INT05                 0000ffea   00000002  00000002  00000000  RWIX
  INT06                 0000ffec   00000002  00000002  00000000  RWIX
  INT07                 0000ffee   00000002  00000002  00000000  RWIX
  INT08                 0000fff0   00000002  00000002  00000000  RWIX
  INT09                 0000fff2   00000002  00000002  00000000  RWIX
  INT10                 0000fff4   00000002  00000002  00000000  RWIX
  INT11                 0000fff6   00000002  00000002  00000000  RWIX
  INT12                 0000fff8   00000002  00000002  00000000  RWIX
  INT13                 0000fffa   00000002  00000002  00000000  RWIX
  INT14                 0000fffc   00000002  00000002  00000000  RWIX
  RESET                 0000fffe   00000002  00000002  00000000  RWIX


SECTION ALLOCATION MAP

 output                                  attributes/
section   page    origin      length       input sections
--------  ----  ----------  ----------   ----------------
.data      0    00000200    00000006     UNINITIALIZED
                  00000200    00000006     blink.obj (.data)

.bss       0    00000206    00000002     UNINITIALIZED
                  00000206    00000001     (.common:bl_state)
                  00000207    00000001     (.common:data_value)

.stack     0    000003b0    00000050     UNINITIALIZED
                  000003b0    00000002     rts430_eabi.lib : boot.c.obj (.stack)
                  000003b2    0000004e     --HOLE--

.text      0    0000c000    00001fd0     
                  0000c000    00000478     rts430_eabi.lib : frcdivd.c.obj (.text:__TI_frcdivd)
                  0000c478    000002c0                     : mpyd.c.obj (.text:__mspabi_mpyd)
                  0000c738    000002ae     lcd_print.obj (.text:print_I)
                  0000c9e6    00000238     rts430_eabi.lib : divd.c.obj (.text:__mspabi_divd)
                  0000cc1e    000001a0     lcd_print.obj (.text:print_F)
                  0000cdbe    00000172     rts430_eabi.lib : frcmpyd.c.obj (.text:__TI_frcmpyd)
                  0000cf30    00000132                     : fs_add.asm.obj (.text)
                  0000d062    00000124     lcd.obj (.text:LCD_init)
                  0000d186    00000114     rts430_eabi.lib : mult64.asm.obj (.text:__mpyll)
                  0000d29a    000000f6     blink.obj (.text:main)
                  0000d390    000000c4     rts430_eabi.lib : fs_mpy.asm.obj (.text)
                  0000d454    000000b4                     : cvtdf.c.obj (.text:__mspabi_cvtdf)
                  0000d508    0000008c     lcd.obj (.text:LCD_4bit_send)
                  0000d594    0000007e     lcd_print.obj (.text:print_D)
                  0000d612    0000007e     rts430_eabi.lib : fs_tol.asm.obj (.text)
                  0000d690    0000007c                     : copy_decompress_lzss.c.obj (.text:decompress:lzss:__TI_decompress_lzss)
                  0000d70c    00000074                     : fixdul.c.obj (.text:__mspabi_fixdul)
                  0000d780    00000070                     : cvtfd.c.obj (.text:__mspabi_cvtfd)
                  0000d7f0    0000005c                     : lsr32.asm.obj (.text:l_lsr_const)
                  0000d84c    00000058                     : div32u.asm.obj (.text)
                  0000d8a4    00000054     SW_I2C.obj (.text:SW_I2C_write)
                  0000d8f8    0000004c     rts430_eabi.lib : lsr16.asm.obj (.text)
                  0000d944    0000004a     lcd.obj (.text:LCD_send)
                  0000d98e    0000004a     rts430_eabi.lib : fs_cmp.asm.obj (.text)
                  0000d9d8    0000004a                     : fs_ltof.asm.obj (.text)
                  0000da22    00000046     SW_I2C.obj (.text:SW_I2C_wait_ACK)
                  0000da68    00000046     rts430_eabi.lib : lsr64.c.obj (.text:__mspabi_srlll)
                  0000daae    00000044                     : lsl64.c.obj (.text:__mspabi_sllll)
                  0000daf2    00000042                     : autoinit.c.obj (.text:__TI_auto_init_nobinit_nopinit:__TI_auto_init_nobinit_nopinit)
                  0000db34    00000040                     : div32s.asm.obj (.text)
                  0000db74    0000003e                     : asr32.asm.obj (.text:l_asr_const)
                  0000dbb2    0000003e                     : lsl32.asm.obj (.text:l_lsl_const)
                  0000dbf0    00000036     blink.obj (.text:GPIO_graceInit)
                  0000dc26    0000002c     SW_I2C.obj (.text:SW_I2C_start)
                  0000dc52    0000002c     SW_I2C.obj (.text:SW_I2C_stop)
                  0000dc7e    0000002c     rts430_eabi.lib : asr16.asm.obj (.text)
                  0000dcaa    0000002c                     : div16s.asm.obj (.text)
                  0000dcd6    0000002c                     : lsl16.asm.obj (.text)
                  0000dd02    00000028     blink.obj (.text:BCSplus_graceInit)
                  0000dd2a    00000028     blink.obj (.text:TIMER1_A1_ISR_HOOK)
                  0000dd52    00000026     PCF8574.obj (.text:PCF8574_write)
                  0000dd78    00000026     rts430_eabi.lib : mult32.asm.obj (.text)
                  0000dd9e    00000024                     : fs_utof.asm.obj (.text)
                  0000ddc2    00000022     lcd.obj (.text:LCD_goto)
                  0000dde4    00000022     rts430_eabi.lib : mult1632.asm.obj (.text:__mpyul)
                  0000de06    00000022     blink.obj (.text:get_ADC)
                  0000de28    00000020     SW_I2C.obj (.text:SW_I2C_init)
                  0000de48    0000001e     rts430_eabi.lib : mult3264.asm.obj (.text:__mpyull)
                  0000de66    0000001c     blink.obj (.text:ADC10_graceInit)
                  0000de82    0000001c     blink.obj (.text:System_graceInit)
                  0000de9e    0000001c     rts430_eabi.lib : boot.c.obj (.text:_c_int00_noargs)
                  0000deba    00000018     lcd.obj (.text:LCD_putstr)
                  0000ded2    00000016     rts430_eabi.lib : div16u.asm.obj (.text)
                  0000dee8    00000014     blink.obj (.text:Timer1_A3_graceInit)
                  0000defc    00000014     rts430_eabi.lib : copy_zero_init.c.obj (.text:decompress:ZI:__TI_zero_init_nomemset:__TI_zero_init_nomemset)
                  0000df10    00000014     delay.obj (.text:delay_ms)
                  0000df24    00000014     rts430_eabi.lib : mult16.asm.obj (.text)
                  0000df38    00000012     lcd.obj (.text:LCD_clear_home)
                  0000df4a    00000012     rts430_eabi.lib : copy_decompress_none.c.obj (.text:decompress:none:__TI_decompress_none)
                  0000df5c    00000012     delay.obj (.text:delay_us)
                  0000df6e    00000012     rts430_eabi.lib : lsr32.asm.obj (.text:l_lsr)
                  0000df80    00000012                     : memcpy.c.obj (.text:memcpy)
                  0000df92    00000010                     : epilog.asm.obj (.text)
                  0000dfa2    0000000a                     : fs_neg.asm.obj (.text)
                  0000dfac    00000008     lcd.obj (.text:LCD_putchar)
                  0000dfb4    00000008     blink.obj (.text:WDTplus_graceInit)
                  0000dfbc    00000008     rts430_eabi.lib : isr_trap.asm.obj (.text:_isr:__TI_ISR_TRAP)
                  0000dfc4    00000006                     : exit.c.obj (.text:abort)
                  0000dfca    00000004                     : pre_init.c.obj (.text:_system_pre_init)
                  0000dfce    00000002                     : startup.c.obj (.text:_system_post_cinit)

.const     0    0000dfd0    0000001f     
                  0000dfd0    00000012     blink.obj (.const:.string)
                  0000dfe2    00000007     lcd_print.obj (.const:.string:$P$T2$3)
                  0000dfe9    00000001     --HOLE-- [fill = 0]
                  0000dfea    00000005     lcd_print.obj (.const:.string:$P$T3$4)

.cinit     0    0000dff0    0000001a     
                  0000dff0    00000007     (.cinit..data.load) [load image, compression = lzss]
                  0000dff7    00000001     --HOLE-- [fill = 0]
                  0000dff8    00000006     (__TI_handler_table)
                  0000dffe    00000004     (.cinit..bss.load) [load image, compression = zero_init]
                  0000e002    00000008     (__TI_cinit_table)

.binit     0    0000c000    00000000     

.init_array 
*          0    0000c000    00000000     UNINITIALIZED

TRAPINT    0    0000ffe0    00000002     
                  0000ffe0    00000002     rts430_eabi.lib : int00.asm.obj (.int00)

PORT1      0    0000ffe4    00000002     
                  0000ffe4    00000002     rts430_eabi.lib : int02.asm.obj (.int02)

PORT2      0    0000ffe6    00000002     
                  0000ffe6    00000002     rts430_eabi.lib : int03.asm.obj (.int03)

ADC10      0    0000ffea    00000002     
                  0000ffea    00000002     rts430_eabi.lib : int05.asm.obj (.int05)

USCIAB0TX 
*          0    0000ffec    00000002     
                  0000ffec    00000002     rts430_eabi.lib : int06.asm.obj (.int06)

USCIAB0RX 
*          0    0000ffee    00000002     
                  0000ffee    00000002     rts430_eabi.lib : int07.asm.obj (.int07)

TIMER0_A1 
*          0    0000fff0    00000002     
                  0000fff0    00000002     rts430_eabi.lib : int08.asm.obj (.int08)

TIMER0_A0 
*          0    0000fff2    00000002     
                  0000fff2    00000002     rts430_eabi.lib : int09.asm.obj (.int09)

WDT        0    0000fff4    00000002     
                  0000fff4    00000002     rts430_eabi.lib : int10.asm.obj (.int10)

COMPARATORA 
*          0    0000fff6    00000002     
                  0000fff6    00000002     rts430_eabi.lib : int11.asm.obj (.int11)

TIMER1_A1 
*          0    0000fff8    00000002     
                  0000fff8    00000002     blink.obj (.int12)

TIMER1_A0 
*          0    0000fffa    00000002     
                  0000fffa    00000002     rts430_eabi.lib : int13.asm.obj (.int13)

NMI        0    0000fffc    00000002     
                  0000fffc    00000002     rts430_eabi.lib : int14.asm.obj (.int14)

.reset     0    0000fffe    00000002     
                  0000fffe    00000002     rts430_eabi.lib : boot.c.obj (.reset)

$fill000   0    0000ffde    00000002     
                  0000ffde    00000002     --HOLE-- [fill = ffff]

MODULE SUMMARY

       Module                       code   ro data   rw data
       ------                       ----   -------   -------
    .\
       blink.obj                    498    20        8      
    +--+----------------------------+------+---------+---------+
       Total:                       498    20        8      
                                                            
    .\Libraries\
       lcd_print.obj                1228   12        0      
       lcd.obj                      590    0         0      
       SW_I2C.obj                   274    0         0      
       PCF8574.obj                  38     0         0      
       delay.obj                    38     0         0      
    +--+----------------------------+------+---------+---------+
       Total:                       2168   12        0      
                                                            
    D:\ti\ccs1011\ccs\tools\compiler\ti-cgt-msp430_20.2.4.LTS\lib\rts430_eabi.lib
       frcdivd.c.obj                1144   0         0      
       mpyd.c.obj                   704    0         0      
       divd.c.obj                   568    0         0      
       frcmpyd.c.obj                370    0         0      
       fs_add.asm.obj               306    0         0      
       mult64.asm.obj               276    0         0      
       fs_mpy.asm.obj               196    0         0      
       cvtdf.c.obj                  180    0         0      
       fs_tol.asm.obj               126    0         0      
       copy_decompress_lzss.c.obj   124    0         0      
       fixdul.c.obj                 116    0         0      
       cvtfd.c.obj                  112    0         0      
       lsr32.asm.obj                110    0         0      
       div32u.asm.obj               88     0         0      
       lsr16.asm.obj                76     0         0      
       fs_cmp.asm.obj               74     0         0      
       fs_ltof.asm.obj              74     0         0      
       lsr64.c.obj                  70     0         0      
       lsl64.c.obj                  68     0         0      
       autoinit.c.obj               66     0         0      
       div32s.asm.obj               64     0         0      
       asr32.asm.obj                62     0         0      
       lsl32.asm.obj                62     0         0      
       asr16.asm.obj                44     0         0      
       div16s.asm.obj               44     0         0      
       lsl16.asm.obj                44     0         0      
       mult32.asm.obj               38     0         0      
       fs_utof.asm.obj              36     0         0      
       mult1632.asm.obj             34     0         0      
       boot.c.obj                   28     2         0      
       mult3264.asm.obj             30     0         0      
       div16u.asm.obj               22     0         0      
       copy_zero_init.c.obj         20     0         0      
       mult16.asm.obj               20     0         0      
       copy_decompress_none.c.obj   18     0         0      
       memcpy.c.obj                 18     0         0      
       epilog.asm.obj               16     0         0      
       fs_neg.asm.obj               10     0         0      
       isr_trap.asm.obj             8      0         0      
       exit.c.obj                   6      0         0      
       pre_init.c.obj               4      0         0      
       int00.asm.obj                0      2         0      
       int02.asm.obj                0      2         0      
       int03.asm.obj                0      2         0      
       int05.asm.obj                0      2         0      
       int06.asm.obj                0      2         0      
       int07.asm.obj                0      2         0      
       int08.asm.obj                0      2         0      
       int09.asm.obj                0      2         0      
       int10.asm.obj                0      2         0      
       int11.asm.obj                0      2         0      
       int13.asm.obj                0      2         0      
       int14.asm.obj                0      2         0      
       startup.c.obj                2      0         0      
    +--+----------------------------+------+---------+---------+
       Total:                       5478   26        0      
                                                            
       Stack:                       0      0         80     
       Linker Generated:            0      25        0      
    +--+----------------------------+------+---------+---------+
       Grand Total:                 8144   83        88     


LINKER GENERATED COPY TABLES

__TI_cinit_table @ 0000e002 records: 2, size/record: 4, table size: 8
	.data: load addr=0000dff0, load size=00000007 bytes, run addr=00000200, run size=00000006 bytes, compression=lzss
	.bss: load addr=0000dffe, load size=00000004 bytes, run addr=00000206, run size=00000002 bytes, compression=zero_init


LINKER GENERATED HANDLER TABLE

__TI_handler_table @ 0000dff8 records: 3, size/record: 2, table size: 6
	index: 0, handler: __TI_zero_init
	index: 1, handler: __TI_decompress_lzss
	index: 2, handler: __TI_decompress_none


GLOBAL SYMBOLS: SORTED ALPHABETICALLY BY Name 

address   name                          
-------   ----                          
0000004a  ADC10AE0                      
000001b0  ADC10CTL0                     
000001b2  ADC10CTL1                     
00000048  ADC10DTC0                     
00000049  ADC10DTC1                     
000001b4  ADC10MEM                      
000001bc  ADC10SA                       
0000de66  ADC10_graceInit               
00000057  BCSCTL1                       
00000058  BCSCTL2                       
00000053  BCSCTL3                       
0000dd02  BCSplus_graceInit             
0000dfc4  C$$EXIT                       
00000059  CACTL1                        
0000005a  CACTL2                        
000010fb  CALBC1_12MHZ                  
000010f9  CALBC1_16MHZ                  
000010ff  CALBC1_1MHZ                   
000010fd  CALBC1_8MHZ                   
000010fa  CALDCO_12MHZ                  
000010f8  CALDCO_16MHZ                  
000010fe  CALDCO_1MHZ                   
000010fc  CALDCO_8MHZ                   
0000005b  CAPD                          
00000056  DCOCTL                        
00000128  FCTL1                         
0000012a  FCTL2                         
0000012c  FCTL3                         
0000dbf0  GPIO_graceInit                
00000000  IE1                           
00000001  IE2                           
00000002  IFG1                          
00000003  IFG2                          
0000d508  LCD_4bit_send                 
0000df38  LCD_clear_home                
0000ddc2  LCD_goto                      
0000d062  LCD_init                      
0000dfac  LCD_putchar                   
0000deba  LCD_putstr                    
0000d944  LCD_send                      
00000022  P1DIR                         
00000025  P1IE                          
00000024  P1IES                         
00000023  P1IFG                         
00000020  P1IN                          
00000021  P1OUT                         
00000027  P1REN                         
00000026  P1SEL                         
00000041  P1SEL2                        
0000002a  P2DIR                         
0000002d  P2IE                          
0000002c  P2IES                         
0000002b  P2IFG                         
00000028  P2IN                          
00000029  P2OUT                         
0000002f  P2REN                         
0000002e  P2SEL                         
00000042  P2SEL2                        
0000001a  P3DIR                         
00000018  P3IN                          
00000019  P3OUT                         
00000010  P3REN                         
0000001b  P3SEL                         
00000043  P3SEL2                        
0000de28  PCF8574_init                  
0000dd52  PCF8574_write                 
0000de28  SW_I2C_init                   
0000dc26  SW_I2C_start                  
0000dc52  SW_I2C_stop                   
0000da22  SW_I2C_wait_ACK               
0000d8a4  SW_I2C_write                  
0000de82  System_graceInit              
00000172  TA0CCR0                       
00000174  TA0CCR1                       
00000176  TA0CCR2                       
00000162  TA0CCTL0                      
00000164  TA0CCTL1                      
00000166  TA0CCTL2                      
00000160  TA0CTL                        
0000012e  TA0IV                         
00000170  TA0R                          
00000192  TA1CCR0                       
00000194  TA1CCR1                       
00000196  TA1CCR2                       
00000182  TA1CCTL0                      
00000184  TA1CCTL1                      
00000186  TA1CCTL2                      
00000180  TA1CTL                        
0000011e  TA1IV                         
00000190  TA1R                          
0000dd2a  TIMER1_A1_ISR_HOOK            
000010db  TLV_ADC10_1_LEN               
000010da  TLV_ADC10_1_TAG               
000010c0  TLV_CHECKSUM                  
000010f7  TLV_DCO_30_LEN                
000010f6  TLV_DCO_30_TAG                
0000dee8  Timer1_A3_graceInit           
0000005d  UCA0ABCTL                     
00000062  UCA0BR0                       
00000063  UCA0BR1                       
00000060  UCA0CTL0                      
00000061  UCA0CTL1                      
0000005f  UCA0IRRCTL                    
0000005e  UCA0IRTCTL                    
00000064  UCA0MCTL                      
00000066  UCA0RXBUF                     
00000065  UCA0STAT                      
00000067  UCA0TXBUF                     
0000006a  UCB0BR0                       
0000006b  UCB0BR1                       
00000068  UCB0CTL0                      
00000069  UCB0CTL1                      
0000006c  UCB0I2CIE                     
00000118  UCB0I2COA                     
0000011a  UCB0I2CSA                     
0000006e  UCB0RXBUF                     
0000006d  UCB0STAT                      
0000006f  UCB0TXBUF                     
00000120  WDTCTL                        
0000dfb4  WDTplus_graceInit             
00000400  __STACK_END                   
00000050  __STACK_SIZE                  
0000e002  __TI_CINIT_Base               
0000e00a  __TI_CINIT_Limit              
0000dff8  __TI_Handler_Table_Base       
0000dffe  __TI_Handler_Table_Limit      
0000dfbc  __TI_ISR_TRAP                 
0000daf2  __TI_auto_init_nobinit_nopinit
0000d690  __TI_decompress_lzss          
0000df4a  __TI_decompress_none          
0000c000  __TI_frcdivd                  
0000cdbe  __TI_frcmpyd                  
0000ffe0  __TI_int00                    
0000ffe4  __TI_int02                    
0000ffe6  __TI_int03                    
0000ffea  __TI_int05                    
0000ffec  __TI_int06                    
0000ffee  __TI_int07                    
0000fff0  __TI_int08                    
0000fff2  __TI_int09                    
0000fff4  __TI_int10                    
0000fff6  __TI_int11                    
0000fff8  __TI_int12                    
0000fffa  __TI_int13                    
0000fffc  __TI_int14                    
ffffffff  __TI_pprof_out_hndl           
ffffffff  __TI_prof_data_size           
ffffffff  __TI_prof_data_start          
0000defc  __TI_zero_init_nomemset       
ffffffff  __c_args__                    
0000cf36  __mspabi_addf                 
0000d98e  __mspabi_cmpf                 
0000d454  __mspabi_cvtdf                
0000d780  __mspabi_cvtfd                
0000c9e6  __mspabi_divd                 
0000dcaa  __mspabi_divi                 
0000db34  __mspabi_divli                
0000ded2  __mspabi_divu                 
0000d84c  __mspabi_divul                
0000d70c  __mspabi_fixdul               
0000d612  __mspabi_fixfli               
0000d9d8  __mspabi_fltlif               
0000dd9e  __mspabi_fltuf                
0000df9e  __mspabi_func_epilog_1        
0000df9c  __mspabi_func_epilog_2        
0000df9a  __mspabi_func_epilog_3        
0000df98  __mspabi_func_epilog_4        
0000df96  __mspabi_func_epilog_5        
0000df94  __mspabi_func_epilog_6        
0000df92  __mspabi_func_epilog_7        
0000c478  __mspabi_mpyd                 
0000d390  __mspabi_mpyf                 
0000df24  __mspabi_mpyi                 
0000df24  __mspabi_mpyi_sw              
0000dd78  __mspabi_mpyl                 
0000dd78  __mspabi_mpyl_sw              
0000d186  __mspabi_mpyll                
0000d186  __mspabi_mpyll_sw             
0000dde4  __mspabi_mpyul                
0000dde4  __mspabi_mpyul_sw             
0000de48  __mspabi_mpyull               
0000de48  __mspabi_mpyull_sw            
0000dfa2  __mspabi_negf                 
0000dcaa  __mspabi_remi                 
0000db34  __mspabi_remli                
0000ded2  __mspabi_remu                 
0000d84c  __mspabi_remul                
0000dcd6  __mspabi_slli                 
0000dcfe  __mspabi_slli_1               
0000dcec  __mspabi_slli_10              
0000dcea  __mspabi_slli_11              
0000dce8  __mspabi_slli_12              
0000dce6  __mspabi_slli_13              
0000dce4  __mspabi_slli_14              
0000dce2  __mspabi_slli_15              
0000dcfc  __mspabi_slli_2               
0000dcfa  __mspabi_slli_3               
0000dcf8  __mspabi_slli_4               
0000dcf6  __mspabi_slli_5               
0000dcf4  __mspabi_slli_6               
0000dcf2  __mspabi_slli_7               
0000dcf0  __mspabi_slli_8               
0000dcee  __mspabi_slli_9               
0000dbea  __mspabi_slll_1               
0000dbc6  __mspabi_slll_10              
0000dbc2  __mspabi_slll_11              
0000dbbe  __mspabi_slll_12              
0000dbba  __mspabi_slll_13              
0000dbb6  __mspabi_slll_14              
0000dbb2  __mspabi_slll_15              
0000dbe6  __mspabi_slll_2               
0000dbe2  __mspabi_slll_3               
0000dbde  __mspabi_slll_4               
0000dbda  __mspabi_slll_5               
0000dbd6  __mspabi_slll_6               
0000dbd2  __mspabi_slll_7               
0000dbce  __mspabi_slll_8               
0000dbca  __mspabi_slll_9               
0000daae  __mspabi_sllll                
0000dc7e  __mspabi_srai                 
0000dca6  __mspabi_srai_1               
0000dc94  __mspabi_srai_10              
0000dc92  __mspabi_srai_11              
0000dc90  __mspabi_srai_12              
0000dc8e  __mspabi_srai_13              
0000dc8c  __mspabi_srai_14              
0000dc8a  __mspabi_srai_15              
0000dca4  __mspabi_srai_2               
0000dca2  __mspabi_srai_3               
0000dca0  __mspabi_srai_4               
0000dc9e  __mspabi_srai_5               
0000dc9c  __mspabi_srai_6               
0000dc9a  __mspabi_srai_7               
0000dc98  __mspabi_srai_8               
0000dc96  __mspabi_srai_9               
0000dbac  __mspabi_sral_1               
0000db88  __mspabi_sral_10              
0000db84  __mspabi_sral_11              
0000db80  __mspabi_sral_12              
0000db7c  __mspabi_sral_13              
0000db78  __mspabi_sral_14              
0000db74  __mspabi_sral_15              
0000dba8  __mspabi_sral_2               
0000dba4  __mspabi_sral_3               
0000dba0  __mspabi_sral_4               
0000db9c  __mspabi_sral_5               
0000db98  __mspabi_sral_6               
0000db94  __mspabi_sral_7               
0000db90  __mspabi_sral_8               
0000db8c  __mspabi_sral_9               
0000d8f8  __mspabi_srli                 
0000d93e  __mspabi_srli_1               
0000d91a  __mspabi_srli_10              
0000d916  __mspabi_srli_11              
0000d912  __mspabi_srli_12              
0000d90e  __mspabi_srli_13              
0000d90a  __mspabi_srli_14              
0000d906  __mspabi_srli_15              
0000d93a  __mspabi_srli_2               
0000d936  __mspabi_srli_3               
0000d932  __mspabi_srli_4               
0000d92e  __mspabi_srli_5               
0000d92a  __mspabi_srli_6               
0000d926  __mspabi_srli_7               
0000d922  __mspabi_srli_8               
0000d91e  __mspabi_srli_9               
0000df6e  __mspabi_srll                 
0000d844  __mspabi_srll_1               
0000d80e  __mspabi_srll_10              
0000d808  __mspabi_srll_11              
0000d802  __mspabi_srll_12              
0000d7fc  __mspabi_srll_13              
0000d7f6  __mspabi_srll_14              
0000d7f0  __mspabi_srll_15              
0000d83e  __mspabi_srll_2               
0000d838  __mspabi_srll_3               
0000d832  __mspabi_srll_4               
0000d82c  __mspabi_srll_5               
0000d826  __mspabi_srll_6               
0000d820  __mspabi_srll_7               
0000d81a  __mspabi_srll_8               
0000d814  __mspabi_srll_9               
0000da68  __mspabi_srlll                
0000cf30  __mspabi_subf                 
0000de9e  _c_int00_noargs               
0000fffe  _reset_vector                 
000003b0  _stack                        
0000dfce  _system_post_cinit            
0000dfca  _system_pre_init              
0000dfc4  abort                         
00000206  bl_state                      
00000207  data_value                    
0000df10  delay_ms                      
0000df5c  delay_us                      
00000204  end_time                      
0000de06  get_ADC                       
0000d29a  main                          
0000df80  memcpy                        
0000d594  print_D                       
0000cc1e  print_F                       
0000c738  print_I                       
00000200  pulse_ticks                   
00000202  start_time                    


GLOBAL SYMBOLS: SORTED BY Symbol Address 

address   name                          
-------   ----                          
00000000  IE1                           
00000001  IE2                           
00000002  IFG1                          
00000003  IFG2                          
00000010  P3REN                         
00000018  P3IN                          
00000019  P3OUT                         
0000001a  P3DIR                         
0000001b  P3SEL                         
00000020  P1IN                          
00000021  P1OUT                         
00000022  P1DIR                         
00000023  P1IFG                         
00000024  P1IES                         
00000025  P1IE                          
00000026  P1SEL                         
00000027  P1REN                         
00000028  P2IN                          
00000029  P2OUT                         
0000002a  P2DIR                         
0000002b  P2IFG                         
0000002c  P2IES                         
0000002d  P2IE                          
0000002e  P2SEL                         
0000002f  P2REN                         
00000041  P1SEL2                        
00000042  P2SEL2                        
00000043  P3SEL2                        
00000048  ADC10DTC0                     
00000049  ADC10DTC1                     
0000004a  ADC10AE0                      
00000050  __STACK_SIZE                  
00000053  BCSCTL3                       
00000056  DCOCTL                        
00000057  BCSCTL1                       
00000058  BCSCTL2                       
00000059  CACTL1                        
0000005a  CACTL2                        
0000005b  CAPD                          
0000005d  UCA0ABCTL                     
0000005e  UCA0IRTCTL                    
0000005f  UCA0IRRCTL                    
00000060  UCA0CTL0                      
00000061  UCA0CTL1                      
00000062  UCA0BR0                       
00000063  UCA0BR1                       
00000064  UCA0MCTL                      
00000065  UCA0STAT                      
00000066  UCA0RXBUF                     
00000067  UCA0TXBUF                     
00000068  UCB0CTL0                      
00000069  UCB0CTL1                      
0000006a  UCB0BR0                       
0000006b  UCB0BR1                       
0000006c  UCB0I2CIE                     
0000006d  UCB0STAT                      
0000006e  UCB0RXBUF                     
0000006f  UCB0TXBUF                     
00000118  UCB0I2COA                     
0000011a  UCB0I2CSA                     
0000011e  TA1IV                         
00000120  WDTCTL                        
00000128  FCTL1                         
0000012a  FCTL2                         
0000012c  FCTL3                         
0000012e  TA0IV                         
00000160  TA0CTL                        
00000162  TA0CCTL0                      
00000164  TA0CCTL1                      
00000166  TA0CCTL2                      
00000170  TA0R                          
00000172  TA0CCR0                       
00000174  TA0CCR1                       
00000176  TA0CCR2                       
00000180  TA1CTL                        
00000182  TA1CCTL0                      
00000184  TA1CCTL1                      
00000186  TA1CCTL2                      
00000190  TA1R                          
00000192  TA1CCR0                       
00000194  TA1CCR1                       
00000196  TA1CCR2                       
000001b0  ADC10CTL0                     
000001b2  ADC10CTL1                     
000001b4  ADC10MEM                      
000001bc  ADC10SA                       
00000200  pulse_ticks                   
00000202  start_time                    
00000204  end_time                      
00000206  bl_state                      
00000207  data_value                    
000003b0  _stack                        
00000400  __STACK_END                   
000010c0  TLV_CHECKSUM                  
000010da  TLV_ADC10_1_TAG               
000010db  TLV_ADC10_1_LEN               
000010f6  TLV_DCO_30_TAG                
000010f7  TLV_DCO_30_LEN                
000010f8  CALDCO_16MHZ                  
000010f9  CALBC1_16MHZ                  
000010fa  CALDCO_12MHZ                  
000010fb  CALBC1_12MHZ                  
000010fc  CALDCO_8MHZ                   
000010fd  CALBC1_8MHZ                   
000010fe  CALDCO_1MHZ                   
000010ff  CALBC1_1MHZ                   
0000c000  __TI_frcdivd                  
0000c478  __mspabi_mpyd                 
0000c738  print_I                       
0000c9e6  __mspabi_divd                 
0000cc1e  print_F                       
0000cdbe  __TI_frcmpyd                  
0000cf30  __mspabi_subf                 
0000cf36  __mspabi_addf                 
0000d062  LCD_init                      
0000d186  __mspabi_mpyll                
0000d186  __mspabi_mpyll_sw             
0000d29a  main                          
0000d390  __mspabi_mpyf                 
0000d454  __mspabi_cvtdf                
0000d508  LCD_4bit_send                 
0000d594  print_D                       
0000d612  __mspabi_fixfli               
0000d690  __TI_decompress_lzss          
0000d70c  __mspabi_fixdul               
0000d780  __mspabi_cvtfd                
0000d7f0  __mspabi_srll_15              
0000d7f6  __mspabi_srll_14              
0000d7fc  __mspabi_srll_13              
0000d802  __mspabi_srll_12              
0000d808  __mspabi_srll_11              
0000d80e  __mspabi_srll_10              
0000d814  __mspabi_srll_9               
0000d81a  __mspabi_srll_8               
0000d820  __mspabi_srll_7               
0000d826  __mspabi_srll_6               
0000d82c  __mspabi_srll_5               
0000d832  __mspabi_srll_4               
0000d838  __mspabi_srll_3               
0000d83e  __mspabi_srll_2               
0000d844  __mspabi_srll_1               
0000d84c  __mspabi_divul                
0000d84c  __mspabi_remul                
0000d8a4  SW_I2C_write                  
0000d8f8  __mspabi_srli                 
0000d906  __mspabi_srli_15              
0000d90a  __mspabi_srli_14              
0000d90e  __mspabi_srli_13              
0000d912  __mspabi_srli_12              
0000d916  __mspabi_srli_11              
0000d91a  __mspabi_srli_10              
0000d91e  __mspabi_srli_9               
0000d922  __mspabi_srli_8               
0000d926  __mspabi_srli_7               
0000d92a  __mspabi_srli_6               
0000d92e  __mspabi_srli_5               
0000d932  __mspabi_srli_4               
0000d936  __mspabi_srli_3               
0000d93a  __mspabi_srli_2               
0000d93e  __mspabi_srli_1               
0000d944  LCD_send                      
0000d98e  __mspabi_cmpf                 
0000d9d8  __mspabi_fltlif               
0000da22  SW_I2C_wait_ACK               
0000da68  __mspabi_srlll                
0000daae  __mspabi_sllll                
0000daf2  __TI_auto_init_nobinit_nopinit
0000db34  __mspabi_divli                
0000db34  __mspabi_remli                
0000db74  __mspabi_sral_15              
0000db78  __mspabi_sral_14              
0000db7c  __mspabi_sral_13              
0000db80  __mspabi_sral_12              
0000db84  __mspabi_sral_11              
0000db88  __mspabi_sral_10              
0000db8c  __mspabi_sral_9               
0000db90  __mspabi_sral_8               
0000db94  __mspabi_sral_7               
0000db98  __mspabi_sral_6               
0000db9c  __mspabi_sral_5               
0000dba0  __mspabi_sral_4               
0000dba4  __mspabi_sral_3               
0000dba8  __mspabi_sral_2               
0000dbac  __mspabi_sral_1               
0000dbb2  __mspabi_slll_15              
0000dbb6  __mspabi_slll_14              
0000dbba  __mspabi_slll_13              
0000dbbe  __mspabi_slll_12              
0000dbc2  __mspabi_slll_11              
0000dbc6  __mspabi_slll_10              
0000dbca  __mspabi_slll_9               
0000dbce  __mspabi_slll_8               
0000dbd2  __mspabi_slll_7               
0000dbd6  __mspabi_slll_6               
0000dbda  __mspabi_slll_5               
0000dbde  __mspabi_slll_4               
0000dbe2  __mspabi_slll_3               
0000dbe6  __mspabi_slll_2               
0000dbea  __mspabi_slll_1               
0000dbf0  GPIO_graceInit                
0000dc26  SW_I2C_start                  
0000dc52  SW_I2C_stop                   
0000dc7e  __mspabi_srai                 
0000dc8a  __mspabi_srai_15              
0000dc8c  __mspabi_srai_14              
0000dc8e  __mspabi_srai_13              
0000dc90  __mspabi_srai_12              
0000dc92  __mspabi_srai_11              
0000dc94  __mspabi_srai_10              
0000dc96  __mspabi_srai_9               
0000dc98  __mspabi_srai_8               
0000dc9a  __mspabi_srai_7               
0000dc9c  __mspabi_srai_6               
0000dc9e  __mspabi_srai_5               
0000dca0  __mspabi_srai_4               
0000dca2  __mspabi_srai_3               
0000dca4  __mspabi_srai_2               
0000dca6  __mspabi_srai_1               
0000dcaa  __mspabi_divi                 
0000dcaa  __mspabi_remi                 
0000dcd6  __mspabi_slli                 
0000dce2  __mspabi_slli_15              
0000dce4  __mspabi_slli_14              
0000dce6  __mspabi_slli_13              
0000dce8  __mspabi_slli_12              
0000dcea  __mspabi_slli_11              
0000dcec  __mspabi_slli_10              
0000dcee  __mspabi_slli_9               
0000dcf0  __mspabi_slli_8               
0000dcf2  __mspabi_slli_7               
0000dcf4  __mspabi_slli_6               
0000dcf6  __mspabi_slli_5               
0000dcf8  __mspabi_slli_4               
0000dcfa  __mspabi_slli_3               
0000dcfc  __mspabi_slli_2               
0000dcfe  __mspabi_slli_1               
0000dd02  BCSplus_graceInit             
0000dd2a  TIMER1_A1_ISR_HOOK            
0000dd52  PCF8574_write                 
0000dd78  __mspabi_mpyl                 
0000dd78  __mspabi_mpyl_sw              
0000dd9e  __mspabi_fltuf                
0000ddc2  LCD_goto                      
0000dde4  __mspabi_mpyul                
0000dde4  __mspabi_mpyul_sw             
0000de06  get_ADC                       
0000de28  PCF8574_init                  
0000de28  SW_I2C_init                   
0000de48  __mspabi_mpyull               
0000de48  __mspabi_mpyull_sw            
0000de66  ADC10_graceInit               
0000de82  System_graceInit              
0000de9e  _c_int00_noargs               
0000deba  LCD_putstr                    
0000ded2  __mspabi_divu                 
0000ded2  __mspabi_remu                 
0000dee8  Timer1_A3_graceInit           
0000defc  __TI_zero_init_nomemset       
0000df10  delay_ms                      
0000df24  __mspabi_mpyi                 
0000df24  __mspabi_mpyi_sw              
0000df38  LCD_clear_home                
0000df4a  __TI_decompress_none          
0000df5c  delay_us                      
0000df6e  __mspabi_srll                 
0000df80  memcpy                        
0000df92  __mspabi_func_epilog_7        
0000df94  __mspabi_func_epilog_6        
0000df96  __mspabi_func_epilog_5        
0000df98  __mspabi_func_epilog_4        
0000df9a  __mspabi_func_epilog_3        
0000df9c  __mspabi_func_epilog_2        
0000df9e  __mspabi_func_epilog_1        
0000dfa2  __mspabi_negf                 
0000dfac  LCD_putchar                   
0000dfb4  WDTplus_graceInit             
0000dfbc  __TI_ISR_TRAP                 
0000dfc4  C$$EXIT                       
0000dfc4  abort                         
0000dfca  _system_pre_init              
0000dfce  _system_post_cinit            
0000dff8  __TI_Handler_Table_Base       
0000dffe  __TI_Handler_Table_Limit      
0000e002  __TI_CINIT_Base               
0000e00a  __TI_CINIT_Limit              
0000ffe0  __TI_int00                    
0000ffe4  __TI_int02                    
0000ffe6  __TI_int03                    
0000ffea  __TI_int05                    
0000ffec  __TI_int06                    
0000ffee  __TI_int07                    
0000fff0  __TI_int08                    
0000fff2  __TI_int09                    
0000fff4  __TI_int10                    
0000fff6  __TI_int11                    
0000fff8  __TI_int12                    
0000fffa  __TI_int13                    
0000fffc  __TI_int14                    
0000fffe  _reset_vector                 
ffffffff  __TI_pprof_out_hndl           
ffffffff  __TI_prof_data_size           
ffffffff  __TI_prof_data_start          
ffffffff  __c_args__                    

[303 symbols]
