******************************************************************************
                  MSP430 Linker PC v20.2.0                     
******************************************************************************
>> Linked Wed Mar 25 23:02:06 2020

OUTPUT FILE NAME:   <modbus_hygrometer.out>
ENTRY POINT SYMBOL: "_c_int00_noargs"  address: 00001f3c


MEMORY CONFIGURATION

         name            origin    length      used     unused   attr    fill
----------------------  --------  ---------  --------  --------  ----  --------
  SFR                   00000000   00000010  00000000  00000010  RWIX
  PERIPHERALS_8BIT      00000010   000000f0  00000000  000000f0  RWIX
  PERIPHERALS_16BIT     00000100   00000100  00000000  00000100  RWIX
  RAM                   00000200   00000800  0000005b  000007a5  RWIX
  INFOB                 00001000   00000080  00000000  00000080  RWIX
  INFOA                 00001080   00000080  00000000  00000080  RWIX
  FLASH                 00001100   0000eee0  000011fd  0000dce3  RWIX
  INT00                 0000ffe0   00000002  00000000  00000002  RWIX
  INT01                 0000ffe2   00000002  00000002  00000000  RWIX
  INT02                 0000ffe4   00000002  00000002  00000000  RWIX
  INT03                 0000ffe6   00000002  00000002  00000000  RWIX
  INT04                 0000ffe8   00000002  00000002  00000000  RWIX
  INT05                 0000ffea   00000002  00000002  00000000  RWIX
  INT06                 0000ffec   00000002  00000002  00000000  RWIX
  INT07                 0000ffee   00000002  00000002  00000000  RWIX
  INT08                 0000fff0   00000002  00000002  00000000  RWIX
  INT09                 0000fff2   00000002  00000002  00000000  RWIX
  INT10                 0000fff4   00000002  00000002  00000000  RWIX
  INT11                 0000fff6   00000002  00000002  00000000  RWIX
  INT12                 0000fff8   00000002  00000002  00000000  RWIX
  INT13                 0000fffa   00000002  00000002  00000000  RWIX
  INT14                 0000fffc   00000002  00000002  00000000  RWIX
  RESET                 0000fffe   00000002  00000002  00000000  RWIX


SECTION ALLOCATION MAP

 output                                  attributes/
section   page    origin      length       input sections
--------  ----  ----------  ----------   ----------------
.bss       0    00000200    0000000a     UNINITIALIZED
                  00000200    0000000a     (.common:RX_buffer)

.data      0    0000020a    00000001     UNINITIALIZED
                  0000020a    00000001     main.obj (.data)

.stack     0    000009b0    00000050     UNINITIALIZED
                  000009b0    00000002     rts430_eabi.lib : boot.c.obj (.stack)
                  000009b2    0000004e     --HOLE--

.text      0    00001100    00000fac     
                  00001100    000002ae     lcd_print.obj (.text:print_I)
                  000013ae    000001a0     lcd_print.obj (.text:print_F)
                  0000154e    00000132     rts430_eabi.lib : fs_add.asm.obj (.text)
                  00001680    000000dc     main.obj (.text:main)
                  0000175c    000000c4     rts430_eabi.lib : fs_mpy.asm.obj (.text)
                  00001820    000000bc     lcd.obj (.text:LCD_init)
                  000018dc    000000a6     main.obj (.text:setup)
                  00001982    0000009c     rts430_eabi.lib : fs_div.asm.obj (.text)
                  00001a1e    0000007e     lcd_print.obj (.text:print_D)
                  00001a9c    0000007e     rts430_eabi.lib : fs_tol.asm.obj (.text)
                  00001b1a    0000007c                     : copy_decompress_lzss.c.obj (.text:decompress:lzss:__TI_decompress_lzss)
                  00001b96    00000076     lcd.obj (.text:LCD_4bit_send)
                  00001c0c    00000058     rts430_eabi.lib : div32u.asm.obj (.text)
                  00001c64    0000004e     lcd_print.obj (.text:load_custom_symbol)
                  00001cb2    0000004c     rts430_eabi.lib : lsr16.asm.obj (.text)
                  00001cfe    0000004c     main.obj (.text:send_read_command)
                  00001d4a    0000004a     rts430_eabi.lib : fs_cmp.asm.obj (.text)
                  00001d94    0000004a                     : fs_ltof.asm.obj (.text)
                  00001dde    00000042                     : autoinit.c.obj (.text:__TI_auto_init_nobinit_nopinit:__TI_auto_init_nobinit_nopinit)
                  00001e20    00000040                     : div32s.asm.obj (.text)
                  00001e60    0000002c                     : div16s.asm.obj (.text)
                  00001e8c    0000002c                     : lsl16.asm.obj (.text)
                  00001eb8    00000024                     : fs_utof.asm.obj (.text)
                  00001edc    00000022     lcd.obj (.text:LCD_goto)
                  00001efe    00000020     main.obj (.text:MODBUS_RTU_CRC16)
                  00001f1e    0000001e     main.obj (.text:USART_RX_ISR_HOOK)
                  00001f3c    0000001c     rts430_eabi.lib : boot.c.obj (.text:_c_int00_noargs)
                  00001f58    0000001a     lcd.obj (.text:LCD_send)
                  00001f72    0000001a     lcd.obj (.text:toggle_io)
                  00001f8c    00000016     lcd.obj (.text:LCD_putstr)
                  00001fa2    00000016     main.obj (.text:flush_RX_buffer)
                  00001fb8    00000016     rts430_eabi.lib : div16u.asm.obj (.text)
                  00001fce    00000016     lcd.obj (.text:toggle_EN_pin)
                  00001fe4    00000014     rts430_eabi.lib : copy_zero_init.c.obj (.text:decompress:ZI:__TI_zero_init_nomemset:__TI_zero_init_nomemset)
                  00001ff8    00000014     delay.obj (.text:delay_ms)
                  0000200c    00000014     delay.obj (.text:delay_us)
                  00002020    00000014     lcd_print.obj (.text:print_symbol)
                  00002034    00000012     lcd.obj (.text:LCD_clear_home)
                  00002046    00000012     rts430_eabi.lib : copy_decompress_none.c.obj (.text:decompress:none:__TI_decompress_none)
                  00002058    00000012                     : memcpy.c.obj (.text:memcpy)
                  0000206a    00000010                     : epilog.asm.obj (.text)
                  0000207a    0000000c     main.obj (.text:make_word)
                  00002086    0000000a     rts430_eabi.lib : fs_neg.asm.obj (.text)
                  00002090    00000008     lcd.obj (.text:LCD_putchar)
                  00002098    00000008     rts430_eabi.lib : isr_trap.asm.obj (.text:_isr:__TI_ISR_TRAP)
                  000020a0    00000006                     : exit.c.obj (.text:abort)
                  000020a6    00000004                     : pre_init.c.obj (.text:_system_pre_init)
                  000020aa    00000002                     : startup.c.obj (.text:_system_post_cinit)

.const     0    000020ac    00000239     
                  000020ac    00000200     main.obj (.const:CRC_table$2)
                  000022ac    0000001a     main.obj (.const:.string)
                  000022c6    0000000a     main.obj (.const:.string:$P$T0$1)
                  000022d0    00000008     lcd_print.obj (.const:.string:$P$T0$1)
                  000022d8    00000007     lcd_print.obj (.const:.string:$P$T2$3)
                  000022df    00000001     --HOLE-- [fill = 0]
                  000022e0    00000005     lcd_print.obj (.const:.string:$P$T3$4)

.cinit     0    000022e6    00000018     
                  000022e6    00000006     (__TI_handler_table)
                  000022ec    00000005     (.cinit..data.load) [load image]
                  000022f1    00000001     --HOLE-- [fill = 0]
                  000022f2    00000004     (.cinit..bss.load) [load image, compression = zero_init]
                  000022f6    00000008     (__TI_cinit_table)

.binit     0    00001100    00000000     

.init_array 
*          0    00001100    00000000     UNINITIALIZED

PORT2      0    0000ffe2    00000002     
                  0000ffe2    00000002     rts430_eabi.lib : int01.asm.obj (.int01)

USART1TX   0    0000ffe4    00000002     
                  0000ffe4    00000002     rts430_eabi.lib : int02.asm.obj (.int02)

USART1RX   0    0000ffe6    00000002     
                  0000ffe6    00000002     main.obj (.int03)

PORT1      0    0000ffe8    00000002     
                  0000ffe8    00000002     rts430_eabi.lib : int04.asm.obj (.int04)

TIMERA1    0    0000ffea    00000002     
                  0000ffea    00000002     rts430_eabi.lib : int05.asm.obj (.int05)

TIMERA0    0    0000ffec    00000002     
                  0000ffec    00000002     rts430_eabi.lib : int06.asm.obj (.int06)

ADC12      0    0000ffee    00000002     
                  0000ffee    00000002     rts430_eabi.lib : int07.asm.obj (.int07)

USART0TX   0    0000fff0    00000002     
                  0000fff0    00000002     rts430_eabi.lib : int08.asm.obj (.int08)

USART0RX   0    0000fff2    00000002     
                  0000fff2    00000002     rts430_eabi.lib : int09.asm.obj (.int09)

WDT        0    0000fff4    00000002     
                  0000fff4    00000002     rts430_eabi.lib : int10.asm.obj (.int10)

COMPARATORA 
*          0    0000fff6    00000002     
                  0000fff6    00000002     rts430_eabi.lib : int11.asm.obj (.int11)

TIMERB1    0    0000fff8    00000002     
                  0000fff8    00000002     rts430_eabi.lib : int12.asm.obj (.int12)

TIMERB0    0    0000fffa    00000002     
                  0000fffa    00000002     rts430_eabi.lib : int13.asm.obj (.int13)

NMI        0    0000fffc    00000002     
                  0000fffc    00000002     rts430_eabi.lib : int14.asm.obj (.int14)

.reset     0    0000fffe    00000002     
                  0000fffe    00000002     rts430_eabi.lib : boot.c.obj (.reset)

MODULE SUMMARY

       Module                       code   ro data   rw data
       ------                       ----   -------   -------
    .\
       main.obj                     558    550       11     
    +--+----------------------------+------+---------+---------+
       Total:                       558    550       11     
                                                            
    .\Libraries\
       lcd_print.obj                1326   20        0      
       lcd.obj                      462    0         0      
       delay.obj                    40     0         0      
    +--+----------------------------+------+---------+---------+
       Total:                       1828   20        0      
                                                            
    C:\ti\ccs930\ccs\tools\compiler\ti-cgt-msp430_20.2.0.LTS\lib\rts430_eabi.lib
       fs_add.asm.obj               306    0         0      
       fs_mpy.asm.obj               196    0         0      
       fs_div.asm.obj               156    0         0      
       fs_tol.asm.obj               126    0         0      
       copy_decompress_lzss.c.obj   124    0         0      
       div32u.asm.obj               88     0         0      
       lsr16.asm.obj                76     0         0      
       fs_cmp.asm.obj               74     0         0      
       fs_ltof.asm.obj              74     0         0      
       autoinit.c.obj               66     0         0      
       div32s.asm.obj               64     0         0      
       div16s.asm.obj               44     0         0      
       lsl16.asm.obj                44     0         0      
       fs_utof.asm.obj              36     0         0      
       boot.c.obj                   28     2         0      
       div16u.asm.obj               22     0         0      
       copy_zero_init.c.obj         20     0         0      
       copy_decompress_none.c.obj   18     0         0      
       memcpy.c.obj                 18     0         0      
       epilog.asm.obj               16     0         0      
       fs_neg.asm.obj               10     0         0      
       isr_trap.asm.obj             8      0         0      
       exit.c.obj                   6      0         0      
       pre_init.c.obj               4      0         0      
       int01.asm.obj                0      2         0      
       int02.asm.obj                0      2         0      
       int04.asm.obj                0      2         0      
       int05.asm.obj                0      2         0      
       int06.asm.obj                0      2         0      
       int07.asm.obj                0      2         0      
       int08.asm.obj                0      2         0      
       int09.asm.obj                0      2         0      
       int10.asm.obj                0      2         0      
       int11.asm.obj                0      2         0      
       int12.asm.obj                0      2         0      
       int13.asm.obj                0      2         0      
       int14.asm.obj                0      2         0      
       startup.c.obj                2      0         0      
    +--+----------------------------+------+---------+---------+
       Total:                       1626   28        0      
                                                            
       Stack:                       0      0         80     
       Linker Generated:            0      23        0      
    +--+----------------------------+------+---------+---------+
       Grand Total:                 4012   621       91     


LINKER GENERATED COPY TABLES

__TI_cinit_table @ 000022f6 records: 2, size/record: 4, table size: 8
	.data: load addr=000022ec, load size=00000005 bytes, run addr=0000020a, run size=00000001 bytes, compression=copy
	.bss: load addr=000022f2, load size=00000004 bytes, run addr=00000200, run size=0000000a bytes, compression=zero_init


LINKER GENERATED HANDLER TABLE

__TI_handler_table @ 000022e6 records: 3, size/record: 2, table size: 6
	index: 0, handler: __TI_zero_init
	index: 1, handler: __TI_decompress_lzss
	index: 2, handler: __TI_decompress_none


GLOBAL SYMBOLS: SORTED ALPHABETICALLY BY Name 

address   name                          
-------   ----                          
000001a0  ADC12CTL0                     
000001a2  ADC12CTL1                     
000001a6  ADC12IE                       
000001a4  ADC12IFG                      
000001a8  ADC12IV                       
00000080  ADC12MCTL0                    
00000081  ADC12MCTL1                    
0000008a  ADC12MCTL10                   
0000008b  ADC12MCTL11                   
0000008c  ADC12MCTL12                   
0000008d  ADC12MCTL13                   
0000008e  ADC12MCTL14                   
0000008f  ADC12MCTL15                   
00000082  ADC12MCTL2                    
00000083  ADC12MCTL3                    
00000084  ADC12MCTL4                    
00000085  ADC12MCTL5                    
00000086  ADC12MCTL6                    
00000087  ADC12MCTL7                    
00000088  ADC12MCTL8                    
00000089  ADC12MCTL9                    
00000140  ADC12MEM0                     
00000142  ADC12MEM1                     
00000154  ADC12MEM10                    
00000156  ADC12MEM11                    
00000158  ADC12MEM12                    
0000015a  ADC12MEM13                    
0000015c  ADC12MEM14                    
0000015e  ADC12MEM15                    
00000144  ADC12MEM2                     
00000146  ADC12MEM3                     
00000148  ADC12MEM4                     
0000014a  ADC12MEM5                     
0000014c  ADC12MEM6                     
0000014e  ADC12MEM7                     
00000150  ADC12MEM8                     
00000152  ADC12MEM9                     
00000057  BCSCTL1                       
00000058  BCSCTL2                       
000020a0  C$$EXIT                       
00000059  CACTL1                        
0000005a  CACTL2                        
0000005b  CAPD                          
00000056  DCOCTL                        
00000128  FCTL1                         
0000012a  FCTL2                         
0000012c  FCTL3                         
00000000  IE1                           
00000001  IE2                           
00000002  IFG1                          
00000003  IFG2                          
00001b96  LCD_4bit_send                 
00002034  LCD_clear_home                
00001edc  LCD_goto                      
00001820  LCD_init                      
00002090  LCD_putchar                   
00001f8c  LCD_putstr                    
00001f58  LCD_send                      
00000134  MAC                           
00000136  MACS                          
00000004  ME1                           
00000005  ME2                           
00001efe  MODBUS_RTU_CRC16              
00000130  MPY                           
00000132  MPYS                          
00000138  OP2                           
00000022  P1DIR                         
00000025  P1IE                          
00000024  P1IES                         
00000023  P1IFG                         
00000020  P1IN                          
00000021  P1OUT                         
00000026  P1SEL                         
0000002a  P2DIR                         
0000002d  P2IE                          
0000002c  P2IES                         
0000002b  P2IFG                         
00000028  P2IN                          
00000029  P2OUT                         
0000002e  P2SEL                         
0000001a  P3DIR                         
00000018  P3IN                          
00000019  P3OUT                         
0000001b  P3SEL                         
0000001e  P4DIR                         
0000001c  P4IN                          
0000001d  P4OUT                         
0000001f  P4SEL                         
00000032  P5DIR                         
00000030  P5IN                          
00000031  P5OUT                         
00000033  P5SEL                         
00000036  P6DIR                         
00000034  P6IN                          
00000035  P6OUT                         
00000037  P6SEL                         
0000013c  RESHI                         
0000013a  RESLO                         
00000200  RX_buffer                     
0000013e  SUMEXT                        
00000172  TACCR0                        
00000174  TACCR1                        
00000176  TACCR2                        
00000162  TACCTL0                       
00000164  TACCTL1                       
00000166  TACCTL2                       
00000160  TACTL                         
0000012e  TAIV                          
00000170  TAR                           
00000192  TBCCR0                        
00000194  TBCCR1                        
00000196  TBCCR2                        
00000198  TBCCR3                        
0000019a  TBCCR4                        
0000019c  TBCCR5                        
0000019e  TBCCR6                        
00000182  TBCCTL0                       
00000184  TBCCTL1                       
00000186  TBCCTL2                       
00000188  TBCCTL3                       
0000018a  TBCCTL4                       
0000018c  TBCCTL5                       
0000018e  TBCCTL6                       
00000180  TBCTL                         
0000011e  TBIV                          
00000190  TBR                           
00000074  U0BR0                         
00000075  U0BR1                         
00000070  U0CTL                         
00000073  U0MCTL                        
00000072  U0RCTL                        
00000076  U0RXBUF                       
00000071  U0TCTL                        
00000077  U0TXBUF                       
0000007c  U1BR0                         
0000007d  U1BR1                         
00000078  U1CTL                         
0000007b  U1MCTL                        
0000007a  U1RCTL                        
0000007e  U1RXBUF                       
00000079  U1TCTL                        
0000007f  U1TXBUF                       
00001f1e  USART_RX_ISR_HOOK             
00000120  WDTCTL                        
00000a00  __STACK_END                   
00000050  __STACK_SIZE                  
000022f6  __TI_CINIT_Base               
000022fe  __TI_CINIT_Limit              
000022e6  __TI_Handler_Table_Base       
000022ec  __TI_Handler_Table_Limit      
00002098  __TI_ISR_TRAP                 
00001dde  __TI_auto_init_nobinit_nopinit
00001b1a  __TI_decompress_lzss          
00002046  __TI_decompress_none          
0000ffe2  __TI_int01                    
0000ffe4  __TI_int02                    
0000ffe6  __TI_int03                    
0000ffe8  __TI_int04                    
0000ffea  __TI_int05                    
0000ffec  __TI_int06                    
0000ffee  __TI_int07                    
0000fff0  __TI_int08                    
0000fff2  __TI_int09                    
0000fff4  __TI_int10                    
0000fff6  __TI_int11                    
0000fff8  __TI_int12                    
0000fffa  __TI_int13                    
0000fffc  __TI_int14                    
ffffffff  __TI_pprof_out_hndl           
ffffffff  __TI_prof_data_size           
ffffffff  __TI_prof_data_start          
00001fe4  __TI_zero_init_nomemset       
ffffffff  __c_args__                    
00001554  __mspabi_addf                 
00001d4a  __mspabi_cmpf                 
00001982  __mspabi_divf                 
00001e60  __mspabi_divi                 
00001e20  __mspabi_divli                
00001fb8  __mspabi_divu                 
00001c0c  __mspabi_divul                
00001a9c  __mspabi_fixfli               
00001d94  __mspabi_fltlif               
00001eb8  __mspabi_fltuf                
00002076  __mspabi_func_epilog_1        
00002074  __mspabi_func_epilog_2        
00002072  __mspabi_func_epilog_3        
00002070  __mspabi_func_epilog_4        
0000206e  __mspabi_func_epilog_5        
0000206c  __mspabi_func_epilog_6        
0000206a  __mspabi_func_epilog_7        
0000175c  __mspabi_mpyf                 
00002086  __mspabi_negf                 
00001e60  __mspabi_remi                 
00001e20  __mspabi_remli                
00001fb8  __mspabi_remu                 
00001c0c  __mspabi_remul                
00001e8c  __mspabi_slli                 
00001eb4  __mspabi_slli_1               
00001ea2  __mspabi_slli_10              
00001ea0  __mspabi_slli_11              
00001e9e  __mspabi_slli_12              
00001e9c  __mspabi_slli_13              
00001e9a  __mspabi_slli_14              
00001e98  __mspabi_slli_15              
00001eb2  __mspabi_slli_2               
00001eb0  __mspabi_slli_3               
00001eae  __mspabi_slli_4               
00001eac  __mspabi_slli_5               
00001eaa  __mspabi_slli_6               
00001ea8  __mspabi_slli_7               
00001ea6  __mspabi_slli_8               
00001ea4  __mspabi_slli_9               
00001cb2  __mspabi_srli                 
00001cf8  __mspabi_srli_1               
00001cd4  __mspabi_srli_10              
00001cd0  __mspabi_srli_11              
00001ccc  __mspabi_srli_12              
00001cc8  __mspabi_srli_13              
00001cc4  __mspabi_srli_14              
00001cc0  __mspabi_srli_15              
00001cf4  __mspabi_srli_2               
00001cf0  __mspabi_srli_3               
00001cec  __mspabi_srli_4               
00001ce8  __mspabi_srli_5               
00001ce4  __mspabi_srli_6               
00001ce0  __mspabi_srli_7               
00001cdc  __mspabi_srli_8               
00001cd8  __mspabi_srli_9               
0000154e  __mspabi_subf                 
00001f3c  _c_int00_noargs               
0000fffe  _reset_vector                 
000009b0  _stack                        
000020aa  _system_post_cinit            
000020a6  _system_pre_init              
000020a0  abort                         
0000020a  cnt                           
00001ff8  delay_ms                      
0000200c  delay_us                      
00001fa2  flush_RX_buffer               
00001c64  load_custom_symbol            
00001680  main                          
0000207a  make_word                     
00002058  memcpy                        
00001a1e  print_D                       
000013ae  print_F                       
00001100  print_I                       
00002020  print_symbol                  
00001cfe  send_read_command             
000018dc  setup                         
00001fce  toggle_EN_pin                 
00001f72  toggle_io                     


GLOBAL SYMBOLS: SORTED BY Symbol Address 

address   name                          
-------   ----                          
00000000  IE1                           
00000001  IE2                           
00000002  IFG1                          
00000003  IFG2                          
00000004  ME1                           
00000005  ME2                           
00000018  P3IN                          
00000019  P3OUT                         
0000001a  P3DIR                         
0000001b  P3SEL                         
0000001c  P4IN                          
0000001d  P4OUT                         
0000001e  P4DIR                         
0000001f  P4SEL                         
00000020  P1IN                          
00000021  P1OUT                         
00000022  P1DIR                         
00000023  P1IFG                         
00000024  P1IES                         
00000025  P1IE                          
00000026  P1SEL                         
00000028  P2IN                          
00000029  P2OUT                         
0000002a  P2DIR                         
0000002b  P2IFG                         
0000002c  P2IES                         
0000002d  P2IE                          
0000002e  P2SEL                         
00000030  P5IN                          
00000031  P5OUT                         
00000032  P5DIR                         
00000033  P5SEL                         
00000034  P6IN                          
00000035  P6OUT                         
00000036  P6DIR                         
00000037  P6SEL                         
00000050  __STACK_SIZE                  
00000056  DCOCTL                        
00000057  BCSCTL1                       
00000058  BCSCTL2                       
00000059  CACTL1                        
0000005a  CACTL2                        
0000005b  CAPD                          
00000070  U0CTL                         
00000071  U0TCTL                        
00000072  U0RCTL                        
00000073  U0MCTL                        
00000074  U0BR0                         
00000075  U0BR1                         
00000076  U0RXBUF                       
00000077  U0TXBUF                       
00000078  U1CTL                         
00000079  U1TCTL                        
0000007a  U1RCTL                        
0000007b  U1MCTL                        
0000007c  U1BR0                         
0000007d  U1BR1                         
0000007e  U1RXBUF                       
0000007f  U1TXBUF                       
00000080  ADC12MCTL0                    
00000081  ADC12MCTL1                    
00000082  ADC12MCTL2                    
00000083  ADC12MCTL3                    
00000084  ADC12MCTL4                    
00000085  ADC12MCTL5                    
00000086  ADC12MCTL6                    
00000087  ADC12MCTL7                    
00000088  ADC12MCTL8                    
00000089  ADC12MCTL9                    
0000008a  ADC12MCTL10                   
0000008b  ADC12MCTL11                   
0000008c  ADC12MCTL12                   
0000008d  ADC12MCTL13                   
0000008e  ADC12MCTL14                   
0000008f  ADC12MCTL15                   
0000011e  TBIV                          
00000120  WDTCTL                        
00000128  FCTL1                         
0000012a  FCTL2                         
0000012c  FCTL3                         
0000012e  TAIV                          
00000130  MPY                           
00000132  MPYS                          
00000134  MAC                           
00000136  MACS                          
00000138  OP2                           
0000013a  RESLO                         
0000013c  RESHI                         
0000013e  SUMEXT                        
00000140  ADC12MEM0                     
00000142  ADC12MEM1                     
00000144  ADC12MEM2                     
00000146  ADC12MEM3                     
00000148  ADC12MEM4                     
0000014a  ADC12MEM5                     
0000014c  ADC12MEM6                     
0000014e  ADC12MEM7                     
00000150  ADC12MEM8                     
00000152  ADC12MEM9                     
00000154  ADC12MEM10                    
00000156  ADC12MEM11                    
00000158  ADC12MEM12                    
0000015a  ADC12MEM13                    
0000015c  ADC12MEM14                    
0000015e  ADC12MEM15                    
00000160  TACTL                         
00000162  TACCTL0                       
00000164  TACCTL1                       
00000166  TACCTL2                       
00000170  TAR                           
00000172  TACCR0                        
00000174  TACCR1                        
00000176  TACCR2                        
00000180  TBCTL                         
00000182  TBCCTL0                       
00000184  TBCCTL1                       
00000186  TBCCTL2                       
00000188  TBCCTL3                       
0000018a  TBCCTL4                       
0000018c  TBCCTL5                       
0000018e  TBCCTL6                       
00000190  TBR                           
00000192  TBCCR0                        
00000194  TBCCR1                        
00000196  TBCCR2                        
00000198  TBCCR3                        
0000019a  TBCCR4                        
0000019c  TBCCR5                        
0000019e  TBCCR6                        
000001a0  ADC12CTL0                     
000001a2  ADC12CTL1                     
000001a4  ADC12IFG                      
000001a6  ADC12IE                       
000001a8  ADC12IV                       
00000200  RX_buffer                     
0000020a  cnt                           
000009b0  _stack                        
00000a00  __STACK_END                   
00001100  print_I                       
000013ae  print_F                       
0000154e  __mspabi_subf                 
00001554  __mspabi_addf                 
00001680  main                          
0000175c  __mspabi_mpyf                 
00001820  LCD_init                      
000018dc  setup                         
00001982  __mspabi_divf                 
00001a1e  print_D                       
00001a9c  __mspabi_fixfli               
00001b1a  __TI_decompress_lzss          
00001b96  LCD_4bit_send                 
00001c0c  __mspabi_divul                
00001c0c  __mspabi_remul                
00001c64  load_custom_symbol            
00001cb2  __mspabi_srli                 
00001cc0  __mspabi_srli_15              
00001cc4  __mspabi_srli_14              
00001cc8  __mspabi_srli_13              
00001ccc  __mspabi_srli_12              
00001cd0  __mspabi_srli_11              
00001cd4  __mspabi_srli_10              
00001cd8  __mspabi_srli_9               
00001cdc  __mspabi_srli_8               
00001ce0  __mspabi_srli_7               
00001ce4  __mspabi_srli_6               
00001ce8  __mspabi_srli_5               
00001cec  __mspabi_srli_4               
00001cf0  __mspabi_srli_3               
00001cf4  __mspabi_srli_2               
00001cf8  __mspabi_srli_1               
00001cfe  send_read_command             
00001d4a  __mspabi_cmpf                 
00001d94  __mspabi_fltlif               
00001dde  __TI_auto_init_nobinit_nopinit
00001e20  __mspabi_divli                
00001e20  __mspabi_remli                
00001e60  __mspabi_divi                 
00001e60  __mspabi_remi                 
00001e8c  __mspabi_slli                 
00001e98  __mspabi_slli_15              
00001e9a  __mspabi_slli_14              
00001e9c  __mspabi_slli_13              
00001e9e  __mspabi_slli_12              
00001ea0  __mspabi_slli_11              
00001ea2  __mspabi_slli_10              
00001ea4  __mspabi_slli_9               
00001ea6  __mspabi_slli_8               
00001ea8  __mspabi_slli_7               
00001eaa  __mspabi_slli_6               
00001eac  __mspabi_slli_5               
00001eae  __mspabi_slli_4               
00001eb0  __mspabi_slli_3               
00001eb2  __mspabi_slli_2               
00001eb4  __mspabi_slli_1               
00001eb8  __mspabi_fltuf                
00001edc  LCD_goto                      
00001efe  MODBUS_RTU_CRC16              
00001f1e  USART_RX_ISR_HOOK             
00001f3c  _c_int00_noargs               
00001f58  LCD_send                      
00001f72  toggle_io                     
00001f8c  LCD_putstr                    
00001fa2  flush_RX_buffer               
00001fb8  __mspabi_divu                 
00001fb8  __mspabi_remu                 
00001fce  toggle_EN_pin                 
00001fe4  __TI_zero_init_nomemset       
00001ff8  delay_ms                      
0000200c  delay_us                      
00002020  print_symbol                  
00002034  LCD_clear_home                
00002046  __TI_decompress_none          
00002058  memcpy                        
0000206a  __mspabi_func_epilog_7        
0000206c  __mspabi_func_epilog_6        
0000206e  __mspabi_func_epilog_5        
00002070  __mspabi_func_epilog_4        
00002072  __mspabi_func_epilog_3        
00002074  __mspabi_func_epilog_2        
00002076  __mspabi_func_epilog_1        
0000207a  make_word                     
00002086  __mspabi_negf                 
00002090  LCD_putchar                   
00002098  __TI_ISR_TRAP                 
000020a0  C$$EXIT                       
000020a0  abort                         
000020a6  _system_pre_init              
000020aa  _system_post_cinit            
000022e6  __TI_Handler_Table_Base       
000022ec  __TI_Handler_Table_Limit      
000022f6  __TI_CINIT_Base               
000022fe  __TI_CINIT_Limit              
0000ffe2  __TI_int01                    
0000ffe4  __TI_int02                    
0000ffe6  __TI_int03                    
0000ffe8  __TI_int04                    
0000ffea  __TI_int05                    
0000ffec  __TI_int06                    
0000ffee  __TI_int07                    
0000fff0  __TI_int08                    
0000fff2  __TI_int09                    
0000fff4  __TI_int10                    
0000fff6  __TI_int11                    
0000fff8  __TI_int12                    
0000fffa  __TI_int13                    
0000fffc  __TI_int14                    
0000fffe  _reset_vector                 
ffffffff  __TI_pprof_out_hndl           
ffffffff  __TI_prof_data_size           
ffffffff  __TI_prof_data_start          
ffffffff  __c_args__                    

[251 symbols]
